Archive member included to satisfy reference by file (symbol)

c:/dev_tools/ac6/systemworkbench/plugins/fr.ac6.mcu.externaltools.arm-none.win32_1.13.3.201707031232/tools/compiler/bin/../lib/gcc/arm-none-eabi/5.4.1/armv7-m\libgcc.a(_lshrdi3.o)
                              Drivers/STM32F1xx_HAL_Driver/stm32f1xx_hal_flash.o (__aeabi_llsr)
c:/dev_tools/ac6/systemworkbench/plugins/fr.ac6.mcu.externaltools.arm-none.win32_1.13.3.201707031232/tools/compiler/bin/../lib/gcc/arm-none-eabi/5.4.1/../../../../arm-none-eabi/lib/armv7-m\libc_nano.a(lib_a-exit.o)
                              c:/dev_tools/ac6/systemworkbench/plugins/fr.ac6.mcu.externaltools.arm-none.win32_1.13.3.201707031232/tools/compiler/bin/../lib/gcc/arm-none-eabi/5.4.1/../../../../arm-none-eabi/lib/armv7-m/crt0.o (exit)
c:/dev_tools/ac6/systemworkbench/plugins/fr.ac6.mcu.externaltools.arm-none.win32_1.13.3.201707031232/tools/compiler/bin/../lib/gcc/arm-none-eabi/5.4.1/../../../../arm-none-eabi/lib/armv7-m\libc_nano.a(lib_a-impure.o)
                              c:/dev_tools/ac6/systemworkbench/plugins/fr.ac6.mcu.externaltools.arm-none.win32_1.13.3.201707031232/tools/compiler/bin/../lib/gcc/arm-none-eabi/5.4.1/../../../../arm-none-eabi/lib/armv7-m\libc_nano.a(lib_a-exit.o) (_global_impure_ptr)
c:/dev_tools/ac6/systemworkbench/plugins/fr.ac6.mcu.externaltools.arm-none.win32_1.13.3.201707031232/tools/compiler/bin/../lib/gcc/arm-none-eabi/5.4.1/../../../../arm-none-eabi/lib/armv7-m\libc_nano.a(lib_a-init.o)
                              c:/dev_tools/ac6/systemworkbench/plugins/fr.ac6.mcu.externaltools.arm-none.win32_1.13.3.201707031232/tools/compiler/bin/../lib/gcc/arm-none-eabi/5.4.1/../../../../arm-none-eabi/lib/armv7-m/crt0.o (__libc_init_array)
c:/dev_tools/ac6/systemworkbench/plugins/fr.ac6.mcu.externaltools.arm-none.win32_1.13.3.201707031232/tools/compiler/bin/../lib/gcc/arm-none-eabi/5.4.1/../../../../arm-none-eabi/lib/armv7-m\libc_nano.a(lib_a-memcpy-stub.o)
                              Application/User/settings_eeprom.o (memcpy)
c:/dev_tools/ac6/systemworkbench/plugins/fr.ac6.mcu.externaltools.arm-none.win32_1.13.3.201707031232/tools/compiler/bin/../lib/gcc/arm-none-eabi/5.4.1/../../../../arm-none-eabi/lib/armv7-m\libc_nano.a(lib_a-memset.o)
                              c:/dev_tools/ac6/systemworkbench/plugins/fr.ac6.mcu.externaltools.arm-none.win32_1.13.3.201707031232/tools/compiler/bin/../lib/gcc/arm-none-eabi/5.4.1/../../../../arm-none-eabi/lib/armv7-m/crt0.o (memset)
c:/dev_tools/ac6/systemworkbench/plugins/fr.ac6.mcu.externaltools.arm-none.win32_1.13.3.201707031232/tools/compiler/bin/../lib/gcc/arm-none-eabi/5.4.1/../../../../arm-none-eabi/lib/armv7-m\libnosys.a(_exit.o)
                              c:/dev_tools/ac6/systemworkbench/plugins/fr.ac6.mcu.externaltools.arm-none.win32_1.13.3.201707031232/tools/compiler/bin/../lib/gcc/arm-none-eabi/5.4.1/../../../../arm-none-eabi/lib/armv7-m\libc_nano.a(lib_a-exit.o) (_exit)

Allocating common symbols
Common symbol       size              file

pFlash              0x20              Drivers/STM32F1xx_HAL_Driver/stm32f1xx_hal_flash.o

Discarded input sections

 .text          0x00000000        0x0 c:/dev_tools/ac6/systemworkbench/plugins/fr.ac6.mcu.externaltools.arm-none.win32_1.13.3.201707031232/tools/compiler/bin/../lib/gcc/arm-none-eabi/5.4.1/armv7-m/crti.o
 .data          0x00000000        0x0 c:/dev_tools/ac6/systemworkbench/plugins/fr.ac6.mcu.externaltools.arm-none.win32_1.13.3.201707031232/tools/compiler/bin/../lib/gcc/arm-none-eabi/5.4.1/armv7-m/crti.o
 .bss           0x00000000        0x0 c:/dev_tools/ac6/systemworkbench/plugins/fr.ac6.mcu.externaltools.arm-none.win32_1.13.3.201707031232/tools/compiler/bin/../lib/gcc/arm-none-eabi/5.4.1/armv7-m/crti.o
 .data          0x00000000        0x4 c:/dev_tools/ac6/systemworkbench/plugins/fr.ac6.mcu.externaltools.arm-none.win32_1.13.3.201707031232/tools/compiler/bin/../lib/gcc/arm-none-eabi/5.4.1/armv7-m/crtbegin.o
 .text          0x00000000       0x74 c:/dev_tools/ac6/systemworkbench/plugins/fr.ac6.mcu.externaltools.arm-none.win32_1.13.3.201707031232/tools/compiler/bin/../lib/gcc/arm-none-eabi/5.4.1/../../../../arm-none-eabi/lib/armv7-m/crt0.o
 .data          0x00000000        0x0 c:/dev_tools/ac6/systemworkbench/plugins/fr.ac6.mcu.externaltools.arm-none.win32_1.13.3.201707031232/tools/compiler/bin/../lib/gcc/arm-none-eabi/5.4.1/../../../../arm-none-eabi/lib/armv7-m/crt0.o
 .bss           0x00000000        0x0 c:/dev_tools/ac6/systemworkbench/plugins/fr.ac6.mcu.externaltools.arm-none.win32_1.13.3.201707031232/tools/compiler/bin/../lib/gcc/arm-none-eabi/5.4.1/../../../../arm-none-eabi/lib/armv7-m/crt0.o
 .ARM.extab     0x00000000        0x0 c:/dev_tools/ac6/systemworkbench/plugins/fr.ac6.mcu.externaltools.arm-none.win32_1.13.3.201707031232/tools/compiler/bin/../lib/gcc/arm-none-eabi/5.4.1/../../../../arm-none-eabi/lib/armv7-m/crt0.o
[...]
Memory Configuration

Name             Origin             Length             Attributes
RAM              0x20000000         0x00005000         xrw
FLASH            0x08000000         0x00010000         xr
*default*        0x00000000         0xffffffff

Linker script and memory map

LOAD c:/dev_tools/ac6/systemworkbench/plugins/fr.ac6.mcu.externaltools.arm-none.win32_1.13.3.201707031232/tools/compiler/bin/../lib/gcc/arm-none-eabi/5.4.1/armv7-m/crti.o
LOAD c:/dev_tools/ac6/systemworkbench/plugins/fr.ac6.mcu.externaltools.arm-none.win32_1.13.3.201707031232/tools/compiler/bin/../lib/gcc/arm-none-eabi/5.4.1/armv7-m/crtbegin.o
LOAD c:/dev_tools/ac6/systemworkbench/plugins/fr.ac6.mcu.externaltools.arm-none.win32_1.13.3.201707031232/tools/compiler/bin/../lib/gcc/arm-none-eabi/5.4.1/../../../../arm-none-eabi/lib/armv7-m/crt0.o
LOAD Application/SW4STM32/startup_stm32f103xb.o
LOAD Application/User/Eeprom24C01_02.o
LOAD Application/User/main.o
LOAD Application/User/receiver.o
LOAD Application/User/settings_eeprom.o
LOAD Application/User/stm32f1xx_hal_msp.o
LOAD Application/User/stm32f1xx_it.o
LOAD Application/User/timer.o
LOAD Drivers/CMSIS/system_stm32f1xx.o
LOAD Drivers/STM32F1xx_HAL_Driver/stm32f1xx_hal.o
LOAD Drivers/STM32F1xx_HAL_Driver/stm32f1xx_hal_adc.o
LOAD Drivers/STM32F1xx_HAL_Driver/stm32f1xx_hal_adc_ex.o
LOAD Drivers/STM32F1xx_HAL_Driver/stm32f1xx_hal_cortex.o
LOAD Drivers/STM32F1xx_HAL_Driver/stm32f1xx_hal_dma.o
LOAD Drivers/STM32F1xx_HAL_Driver/stm32f1xx_hal_flash.o
LOAD Drivers/STM32F1xx_HAL_Driver/stm32f1xx_hal_flash_ex.o
LOAD Drivers/STM32F1xx_HAL_Driver/stm32f1xx_hal_gpio.o
LOAD Drivers/STM32F1xx_HAL_Driver/stm32f1xx_hal_gpio_ex.o
LOAD Drivers/STM32F1xx_HAL_Driver/stm32f1xx_hal_i2c.o
LOAD Drivers/STM32F1xx_HAL_Driver/stm32f1xx_hal_pwr.o
LOAD Drivers/STM32F1xx_HAL_Driver/stm32f1xx_hal_rcc.o
LOAD Drivers/STM32F1xx_HAL_Driver/stm32f1xx_hal_rcc_ex.o
LOAD Drivers/STM32F1xx_HAL_Driver/stm32f1xx_hal_tim.o
LOAD Drivers/STM32F1xx_HAL_Driver/stm32f1xx_hal_tim_ex.o
LOAD Drivers/STM32F1xx_HAL_Driver/stm32f1xx_hal_uart.o
LOAD c:/dev_tools/ac6/systemworkbench/plugins/fr.ac6.mcu.externaltools.arm-none.win32_1.13.3.201707031232/tools/compiler/bin/../lib/gcc/arm-none-eabi/5.4.1/../../../../arm-none-eabi/lib/armv7-m\libstdc++_nano.a
LOAD c:/dev_tools/ac6/systemworkbench/plugins/fr.ac6.mcu.externaltools.arm-none.win32_1.13.3.201707031232/tools/compiler/bin/../lib/gcc/arm-none-eabi/5.4.1/../../../../arm-none-eabi/lib/armv7-m\libm.a
START GROUP
LOAD c:/dev_tools/ac6/systemworkbench/plugins/fr.ac6.mcu.externaltools.arm-none.win32_1.13.3.201707031232/tools/compiler/bin/../lib/gcc/arm-none-eabi/5.4.1/armv7-m\libgcc.a
LOAD c:/dev_tools/ac6/systemworkbench/plugins/fr.ac6.mcu.externaltools.arm-none.win32_1.13.3.201707031232/tools/compiler/bin/../lib/gcc/arm-none-eabi/5.4.1/../../../../arm-none-eabi/lib/armv7-m\libc_nano.a
END GROUP
START GROUP
LOAD c:/dev_tools/ac6/systemworkbench/plugins/fr.ac6.mcu.externaltools.arm-none.win32_1.13.3.201707031232/tools/compiler/bin/../lib/gcc/arm-none-eabi/5.4.1/armv7-m\libgcc.a
LOAD c:/dev_tools/ac6/systemworkbench/plugins/fr.ac6.mcu.externaltools.arm-none.win32_1.13.3.201707031232/tools/compiler/bin/../lib/gcc/arm-none-eabi/5.4.1/../../../../arm-none-eabi/lib/armv7-m\libc_nano.a
LOAD c:/dev_tools/ac6/systemworkbench/plugins/fr.ac6.mcu.externaltools.arm-none.win32_1.13.3.201707031232/tools/compiler/bin/../lib/gcc/arm-none-eabi/5.4.1/../../../../arm-none-eabi/lib/armv7-m\libnosys.a
END GROUP
START GROUP
LOAD c:/dev_tools/ac6/systemworkbench/plugins/fr.ac6.mcu.externaltools.arm-none.win32_1.13.3.201707031232/tools/compiler/bin/../lib/gcc/arm-none-eabi/5.4.1/armv7-m\libgcc.a
LOAD c:/dev_tools/ac6/systemworkbench/plugins/fr.ac6.mcu.externaltools.arm-none.win32_1.13.3.201707031232/tools/compiler/bin/../lib/gcc/arm-none-eabi/5.4.1/../../../../arm-none-eabi/lib/armv7-m\libc_nano.a
LOAD c:/dev_tools/ac6/systemworkbench/plugins/fr.ac6.mcu.externaltools.arm-none.win32_1.13.3.201707031232/tools/compiler/bin/../lib/gcc/arm-none-eabi/5.4.1/../../../../arm-none-eabi/lib/armv7-m\libnosys.a
END GROUP
LOAD c:/dev_tools/ac6/systemworkbench/plugins/fr.ac6.mcu.externaltools.arm-none.win32_1.13.3.201707031232/tools/compiler/bin/../lib/gcc/arm-none-eabi/5.4.1/armv7-m/crtend.o
LOAD c:/dev_tools/ac6/systemworkbench/plugins/fr.ac6.mcu.externaltools.arm-none.win32_1.13.3.201707031232/tools/compiler/bin/../lib/gcc/arm-none-eabi/5.4.1/armv7-m/crtn.o
                0x20005000                _estack = 0x20005000
                0x00000200                _Min_Heap_Size = 0x200
                0x00000400                _Min_Stack_Size = 0x400

.isr_vector     0x08000000      0x10c
                0x08000000                . = ALIGN (0x4)
 *(.isr_vector)
 .isr_vector    0x08000000      0x10c Application/SW4STM32/startup_stm32f103xb.o
                0x08000000                g_pfnVectors
                0x0800010c                . = ALIGN (0x4)

.text           0x0800010c     0x2630
                0x0800010c                . = ALIGN (0x4)
 *(.text)
 .text          0x0800010c       0x5c c:/dev_tools/ac6/systemworkbench/plugins/fr.ac6.mcu.externaltools.arm-none.win32_1.13.3.201707031232/tools/compiler/bin/../lib/gcc/arm-none-eabi/5.4.1/armv7-m/crtbegin.o
 *(.text*)
 .text.Reset_Handler
                0x08000168       0x48 Application/SW4STM32/startup_stm32f103xb.o
                0x08000168                Reset_Handler
 .text.Default_Handler
                0x080001b0        0x2 Application/SW4STM32/startup_stm32f103xb.o
                0x080001b0                RTC_Alarm_IRQHandler
                0x080001b0                EXTI2_IRQHandler
                0x080001b0                TIM1_CC_IRQHandler
                0x080001b0                PVD_IRQHandler
                0x080001b0                EXTI3_IRQHandler
                0x080001b0                EXTI0_IRQHandler
                0x080001b0                I2C2_EV_IRQHandler
                0x080001b0                ADC1_2_IRQHandler
                0x080001b0                SPI1_IRQHandler
                0x080001b0                TAMPER_IRQHandler
                0x080001b0                DMA1_Channel4_IRQHandler
                0x080001b0                USART3_IRQHandler
                0x080001b0                RTC_IRQHandler
                0x080001b0                DMA1_Channel7_IRQHandler
                0x080001b0                CAN1_RX1_IRQHandler
                0x080001b0                TIM4_IRQHandler
                0x080001b0                I2C1_EV_IRQHandler
                0x080001b0                DMA1_Channel6_IRQHandler
                0x080001b0                TIM3_IRQHandler
                0x080001b0                RCC_IRQHandler
                0x080001b0                TIM1_TRG_COM_IRQHandler
                0x080001b0                Default_Handler
                0x080001b0                EXTI15_10_IRQHandler
                0x080001b0                EXTI9_5_IRQHandler
                0x080001b0                SPI2_IRQHandler
                0x080001b0                DMA1_Channel5_IRQHandler
                0x080001b0                EXTI4_IRQHandler
                0x080001b0                USB_LP_CAN1_RX0_IRQHandler
                0x080001b0                USB_HP_CAN1_TX_IRQHandler
                0x080001b0                DMA1_Channel3_IRQHandler
                0x080001b0                TIM1_UP_IRQHandler
                0x080001b0                WWDG_IRQHandler
                0x080001b0                TIM2_IRQHandler
                0x080001b0                TIM1_BRK_IRQHandler
                0x080001b0                EXTI1_IRQHandler
                0x080001b0                USART2_IRQHandler
                0x080001b0                I2C2_ER_IRQHandler
                0x080001b0                DMA1_Channel2_IRQHandler
                0x080001b0                CAN1_SCE_IRQHandler
                0x080001b0                FLASH_IRQHandler
                0x080001b0                USART1_IRQHandler
                0x080001b0                I2C1_ER_IRQHandler
                0x080001b0                USBWakeUp_IRQHandler
 *fill*         0x080001b2        0x2 
 .text._ZN14Eeprom24C01_02C2Eh
                0x080001b4       0x20 Application/User/Eeprom24C01_02.o
                0x080001b4                Eeprom24C01_02::Eeprom24C01_02(unsigned char)
                0x080001b4                Eeprom24C01_02::Eeprom24C01_02(unsigned char)
 .text._ZN14Eeprom24C01_0210initializeEP17I2C_HandleTypeDef
                0x080001d4       0x1c Application/User/Eeprom24C01_02.o
                0x080001d4                Eeprom24C01_02::initialize(I2C_HandleTypeDef*)
 .text._ZN14Eeprom24C01_029writeByteEhh
                0x080001f0       0x38 Application/User/Eeprom24C01_02.o
                0x080001f0                Eeprom24C01_02::writeByte(unsigned char, unsigned char)
 .text._ZN14Eeprom24C01_028readByteEh
                0x08000228       0x3c Application/User/Eeprom24C01_02.o
                0x08000228                Eeprom24C01_02::readByte(unsigned char)
 .text.main     0x08000264       0x80 Application/User/main.o
                0x08000264                main
 .text._Z18SystemClock_Configv
                0x080002e4       0xd0 Application/User/main.o
                0x080002e4                SystemClock_Config()
 .text._ZL12MX_ADC1_Initv
                0x080003b4       0xb0 Application/User/main.o
 .text._ZL12MX_I2C1_Initv
                0x08000464       0x68 Application/User/main.o
 .text._ZL12MX_I2C2_Initv
                0x080004cc       0x68 Application/User/main.o
 .text._ZL19MX_USART1_UART_Initv
                0x08000534       0x5c Application/User/main.o
 .text._ZL11MX_DMA_Initv
                0x08000590       0x3c Application/User/main.o
 .text._ZL12MX_GPIO_Initv
                0x080005cc      0x114 Application/User/main.o
 .text._Z13Error_Handlerv
                0x080006e0        0x8 Application/User/main.o
                0x080006e0                Error_Handler()
 .text._Z41__static_initialization_and_destruction_0ii
                0x080006e8       0x58 Application/User/receiver.o
 .text._GLOBAL__sub_I__ZN8Receiver10rssiDMARawE
                0x08000740       0x10 Application/User/receiver.o
 .text._ZN5EERefC2Ei
                0x08000750       0x1c Application/User/settings_eeprom.o
                0x08000750                EERef::EERef(int)
                0x08000750                EERef::EERef(int)
 .text._ZNK5EERefdeEv
                0x0800076c       0x24 Application/User/settings_eeprom.o
                0x0800076c                EERef::operator*() const
 .text._ZNK5EERefcvKhEv
                0x08000790       0x18 Application/User/settings_eeprom.o
                0x08000790                EERef::operator unsigned char const() const
 .text._ZN5EERefaSEh
                0x080007a8       0x2c Application/User/settings_eeprom.o
                0x080007a8                EERef::operator=(unsigned char)
 .text._ZN5EERef6updateEh
                0x080007d4       0x34 Application/User/settings_eeprom.o
                0x080007d4                EERef::update(unsigned char)
 .text._ZN5EEPtrC2Ei
                0x08000808       0x1c Application/User/settings_eeprom.o
                0x08000808                EEPtr::EEPtr(int)
                0x08000808                EEPtr::EEPtr(int)
 .text._ZN5EEPtrdeEv
                0x08000824       0x24 Application/User/settings_eeprom.o
                0x08000824                EEPtr::operator*()
 .text._ZN5EEPtrppEv
                0x08000848       0x20 Application/User/settings_eeprom.o
                0x08000848                EEPtr::operator++()
 .text._ZN14EepromSettings4initEP17I2C_HandleTypeDef
                0x08000868       0x20 Application/User/settings_eeprom.o
                0x08000868                EepromSettings::init(I2C_HandleTypeDef*)
 .text._ZN14EepromSettings4loadEv
                0x08000888       0x2c Application/User/settings_eeprom.o
                0x08000888                EepromSettings::load()
 .text._ZN14EepromSettings4saveEv
                0x080008b4       0x20 Application/User/settings_eeprom.o
                0x080008b4                EepromSettings::save()
 .text._ZN14EepromSettings12initDefaultsEv
                0x080008d4       0x24 Application/User/settings_eeprom.o
                0x080008d4                EepromSettings::initDefaults()
 .text._ZN11EEPROMClass3getI14EepromSettingsEERT_iS3_
                0x080008f8       0x64 Application/User/settings_eeprom.o
                0x080008f8                EepromSettings& EEPROMClass::get<EepromSettings>(int, EepromSettings&)
 .text._ZN11EEPROMClass3putI14EepromSettingsEERKT_iS4_
                0x0800095c       0x64 Application/User/settings_eeprom.o
                0x0800095c                EepromSettings const& EEPROMClass::put<EepromSettings>(int, EepromSettings const&)
 .text._Z41__static_initialization_and_destruction_0ii
                0x080009c0       0x3c Application/User/settings_eeprom.o
 .text._GLOBAL__sub_I_EepromSettings
                0x080009fc       0x10 Application/User/settings_eeprom.o
 .text.HAL_MspInit
                0x08000a0c       0x98 Application/User/stm32f1xx_hal_msp.o
                0x08000a0c                HAL_MspInit
 .text.HAL_ADC_MspInit
                0x08000aa4       0xb4 Application/User/stm32f1xx_hal_msp.o
                0x08000aa4                HAL_ADC_MspInit
 .text.HAL_I2C_MspInit
                0x08000b58       0x98 Application/User/stm32f1xx_hal_msp.o
                0x08000b58                HAL_I2C_MspInit
 .text.HAL_UART_MspInit
                0x08000bf0       0x74 Application/User/stm32f1xx_hal_msp.o
                0x08000bf0                HAL_UART_MspInit
 .text.NMI_Handler
                0x08000c64        0xc Application/User/stm32f1xx_it.o
                0x08000c64                NMI_Handler
 .text.HardFault_Handler
                0x08000c70        0x8 Application/User/stm32f1xx_it.o
                0x08000c70                HardFault_Handler
 .text.MemManage_Handler
                0x08000c78        0x8 Application/User/stm32f1xx_it.o
                0x08000c78                MemManage_Handler
 .text.BusFault_Handler
                0x08000c80        0x8 Application/User/stm32f1xx_it.o
                0x08000c80                BusFault_Handler
 .text.UsageFault_Handler
                0x08000c88        0x8 Application/User/stm32f1xx_it.o
                0x08000c88                UsageFault_Handler
 .text.SVC_Handler
                0x08000c90        0xc Application/User/stm32f1xx_it.o
                0x08000c90                SVC_Handler
 .text.DebugMon_Handler
                0x08000c9c        0xc Application/User/stm32f1xx_it.o
                0x08000c9c                DebugMon_Handler
 .text.PendSV_Handler
                0x08000ca8        0xc Application/User/stm32f1xx_it.o
                0x08000ca8                PendSV_Handler
 .text.SysTick_Handler
                0x08000cb4       0x10 Application/User/stm32f1xx_it.o
                0x08000cb4                SysTick_Handler
 .text.DMA1_Channel1_IRQHandler
                0x08000cc4       0x14 Application/User/stm32f1xx_it.o
                0x08000cc4                DMA1_Channel1_IRQHandler
 .text._ZN5TimerC2Et
                0x08000cd8       0x34 Application/User/timer.o
                0x08000cd8                Timer::Timer(unsigned short)
                0x08000cd8                Timer::Timer(unsigned short)
 .text.SystemInit
                0x08000d0c       0x4c Drivers/CMSIS/system_stm32f1xx.o
                0x08000d0c                SystemInit
 .text.HAL_InitTick
                0x08000d58       0x24 Drivers/STM32F1xx_HAL_Driver/stm32f1xx_hal.o
                0x08000d58                HAL_InitTick
 .text.HAL_Init
                0x08000d7c       0x24 Drivers/STM32F1xx_HAL_Driver/stm32f1xx_hal.o
                0x08000d7c                HAL_Init
 .text.HAL_IncTick
                0x08000da0       0x10 Drivers/STM32F1xx_HAL_Driver/stm32f1xx_hal.o
                0x08000da0                HAL_IncTick
 .text.HAL_GetTick
                0x08000db0        0xc Drivers/STM32F1xx_HAL_Driver/stm32f1xx_hal.o
                0x08000db0                HAL_GetTick
 .text.HAL_Delay
                0x08000dbc       0x1a Drivers/STM32F1xx_HAL_Driver/stm32f1xx_hal.o
                0x08000dbc                HAL_Delay
 *fill*         0x08000dd6        0x2 
 .text.HAL_ADC_ConfigChannel
                0x08000dd8      0x180 Drivers/STM32F1xx_HAL_Driver/stm32f1xx_hal_adc.o
                0x08000dd8                HAL_ADC_ConfigChannel
 .text.ADC_ConversionStop_Disable
                0x08000f58       0x44 Drivers/STM32F1xx_HAL_Driver/stm32f1xx_hal_adc.o
                0x08000f58                ADC_ConversionStop_Disable
 .text.HAL_ADC_Init
                0x08000f9c      0x128 Drivers/STM32F1xx_HAL_Driver/stm32f1xx_hal_adc.o
                0x08000f9c                HAL_ADC_Init
 .text.HAL_NVIC_SetPriorityGrouping
                0x080010c4       0x24 Drivers/STM32F1xx_HAL_Driver/stm32f1xx_hal_cortex.o
                0x080010c4                HAL_NVIC_SetPriorityGrouping
 .text.HAL_NVIC_SetPriority
                0x080010e8       0x68 Drivers/STM32F1xx_HAL_Driver/stm32f1xx_hal_cortex.o
                0x080010e8                HAL_NVIC_SetPriority
 .text.HAL_NVIC_EnableIRQ
                0x08001150       0x18 Drivers/STM32F1xx_HAL_Driver/stm32f1xx_hal_cortex.o
                0x08001150                HAL_NVIC_EnableIRQ
 .text.HAL_SYSTICK_Config
                0x08001168       0x2c Drivers/STM32F1xx_HAL_Driver/stm32f1xx_hal_cortex.o
                0x08001168                HAL_SYSTICK_Config
 .text.HAL_SYSTICK_CLKSourceConfig
                0x08001194       0x18 Drivers/STM32F1xx_HAL_Driver/stm32f1xx_hal_cortex.o
                0x08001194                HAL_SYSTICK_CLKSourceConfig
 .text.HAL_SYSTICK_Callback
                0x080011ac        0x2 Drivers/STM32F1xx_HAL_Driver/stm32f1xx_hal_cortex.o
                0x080011ac                HAL_SYSTICK_Callback
 .text.HAL_SYSTICK_IRQHandler
                0x080011ae        0x8 Drivers/STM32F1xx_HAL_Driver/stm32f1xx_hal_cortex.o
                0x080011ae                HAL_SYSTICK_IRQHandler
 .text.HAL_DMA_Init
                0x080011b6       0x4a Drivers/STM32F1xx_HAL_Driver/stm32f1xx_hal_dma.o
                0x080011b6                HAL_DMA_Init
 .text.HAL_DMA_IRQHandler
                0x08001200      0x254 Drivers/STM32F1xx_HAL_Driver/stm32f1xx_hal_dma.o
                0x08001200                HAL_DMA_IRQHandler
 .text.HAL_GPIO_Init
                0x08001454      0x1b0 Drivers/STM32F1xx_HAL_Driver/stm32f1xx_hal_gpio.o
                0x08001454                HAL_GPIO_Init
 .text.HAL_GPIO_WritePin
                0x08001604        0x8 Drivers/STM32F1xx_HAL_Driver/stm32f1xx_hal_gpio.o
                0x08001604                HAL_GPIO_WritePin
 .text.I2C_IsAcknowledgeFailed
                0x0800160c       0x2a Drivers/STM32F1xx_HAL_Driver/stm32f1xx_hal_i2c.o
 .text.I2C_WaitOnFlagUntilTimeout
                0x08001636       0x96 Drivers/STM32F1xx_HAL_Driver/stm32f1xx_hal_i2c.o
 .text.I2C_WaitOnMasterAddressFlagUntilTimeout
                0x080016cc       0x82 Drivers/STM32F1xx_HAL_Driver/stm32f1xx_hal_i2c.o
 .text.I2C_WaitOnTXEFlagUntilTimeout
                0x0800174e       0x4e Drivers/STM32F1xx_HAL_Driver/stm32f1xx_hal_i2c.o
 .text.I2C_RequestMemoryWrite
                0x0800179c       0x90 Drivers/STM32F1xx_HAL_Driver/stm32f1xx_hal_i2c.o
 .text.I2C_RequestMemoryRead
                0x0800182c       0xd8 Drivers/STM32F1xx_HAL_Driver/stm32f1xx_hal_i2c.o
 .text.I2C_WaitOnRXNEFlagUntilTimeout
                0x08001904       0x5e Drivers/STM32F1xx_HAL_Driver/stm32f1xx_hal_i2c.o
 *fill*         0x08001962        0x2 
 .text.HAL_I2C_Init
                0x08001964       0xd4 Drivers/STM32F1xx_HAL_Driver/stm32f1xx_hal_i2c.o
                0x08001964                HAL_I2C_Init
 .text.HAL_I2C_Mem_Write
                0x08001a38       0xf4 Drivers/STM32F1xx_HAL_Driver/stm32f1xx_hal_i2c.o
                0x08001a38                HAL_I2C_Mem_Write
 .text.HAL_I2C_Mem_Read
                0x08001b2c      0x1d4 Drivers/STM32F1xx_HAL_Driver/stm32f1xx_hal_i2c.o
                0x08001b2c                HAL_I2C_Mem_Read
 .text.HAL_RCC_OscConfig
                0x08001d00      0x4c0 Drivers/STM32F1xx_HAL_Driver/stm32f1xx_hal_rcc.o
                0x08001d00                HAL_RCC_OscConfig
 .text.HAL_RCC_GetSysClockFreq
                0x080021c0       0x90 Drivers/STM32F1xx_HAL_Driver/stm32f1xx_hal_rcc.o
                0x080021c0                HAL_RCC_GetSysClockFreq
 .text.HAL_RCC_ClockConfig
                0x08002250      0x164 Drivers/STM32F1xx_HAL_Driver/stm32f1xx_hal_rcc.o
                0x08002250                HAL_RCC_ClockConfig
 .text.HAL_RCC_GetHCLKFreq
                0x080023b4        0xc Drivers/STM32F1xx_HAL_Driver/stm32f1xx_hal_rcc.o
                0x080023b4                HAL_RCC_GetHCLKFreq
 .text.HAL_RCC_GetPCLK1Freq
                0x080023c0       0x30 Drivers/STM32F1xx_HAL_Driver/stm32f1xx_hal_rcc.o
                0x080023c0                HAL_RCC_GetPCLK1Freq
 .text.HAL_RCC_GetPCLK2Freq
                0x080023f0       0x30 Drivers/STM32F1xx_HAL_Driver/stm32f1xx_hal_rcc.o
                0x080023f0                HAL_RCC_GetPCLK2Freq
 .text.HAL_RCCEx_PeriphCLKConfig
                0x08002420      0x114 Drivers/STM32F1xx_HAL_Driver/stm32f1xx_hal_rcc_ex.o
                0x08002420                HAL_RCCEx_PeriphCLKConfig
 .text.UART_SetConfig
                0x08002534      0x134 Drivers/STM32F1xx_HAL_Driver/stm32f1xx_hal_uart.o
 .text.HAL_UART_Init
                0x08002668       0x58 Drivers/STM32F1xx_HAL_Driver/stm32f1xx_hal_uart.o
                0x08002668                HAL_UART_Init
 .text.__libc_init_array
                0x080026c0       0x4c c:/dev_tools/ac6/systemworkbench/plugins/fr.ac6.mcu.externaltools.arm-none.win32_1.13.3.201707031232/tools/compiler/bin/../lib/gcc/arm-none-eabi/5.4.1/../../../../arm-none-eabi/lib/armv7-m\libc_nano.a(lib_a-init.o)
                0x080026c0                __libc_init_array
 .text.memcpy   0x0800270c       0x16 c:/dev_tools/ac6/systemworkbench/plugins/fr.ac6.mcu.externaltools.arm-none.win32_1.13.3.201707031232/tools/compiler/bin/../lib/gcc/arm-none-eabi/5.4.1/../../../../arm-none-eabi/lib/armv7-m\libc_nano.a(lib_a-memcpy-stub.o)
                0x0800270c                memcpy
 *(.glue_7)
 .glue_7        0x08002722        0x0 linker stubs
 *(.glue_7t)
 .glue_7t       0x08002722        0x0 linker stubs
 *(.eh_frame)
 *fill*         0x08002722        0x2 
 .eh_frame      0x08002724        0x0 c:/dev_tools/ac6/systemworkbench/plugins/fr.ac6.mcu.externaltools.arm-none.win32_1.13.3.201707031232/tools/compiler/bin/../lib/gcc/arm-none-eabi/5.4.1/armv7-m/crtbegin.o
 *(.init)
 .init          0x08002724        0x4 c:/dev_tools/ac6/systemworkbench/plugins/fr.ac6.mcu.externaltools.arm-none.win32_1.13.3.201707031232/tools/compiler/bin/../lib/gcc/arm-none-eabi/5.4.1/armv7-m/crti.o
                0x08002724                _init
 .init          0x08002728        0x8 c:/dev_tools/ac6/systemworkbench/plugins/fr.ac6.mcu.externaltools.arm-none.win32_1.13.3.201707031232/tools/compiler/bin/../lib/gcc/arm-none-eabi/5.4.1/armv7-m/crtn.o
 *(.fini)
 .fini          0x08002730        0x4 c:/dev_tools/ac6/systemworkbench/plugins/fr.ac6.mcu.externaltools.arm-none.win32_1.13.3.201707031232/tools/compiler/bin/../lib/gcc/arm-none-eabi/5.4.1/armv7-m/crti.o
                0x08002730                _fini
 .fini          0x08002734        0x8 c:/dev_tools/ac6/systemworkbench/plugins/fr.ac6.mcu.externaltools.arm-none.win32_1.13.3.201707031232/tools/compiler/bin/../lib/gcc/arm-none-eabi/5.4.1/armv7-m/crtn.o
                0x0800273c                . = ALIGN (0x4)
                0x0800273c                _etext = .

.vfp11_veneer   0x0800273c        0x0
 .vfp11_veneer  0x0800273c        0x0 linker stubs

.v4_bx          0x0800273c        0x0
 .v4_bx         0x0800273c        0x0 linker stubs

.iplt           0x0800273c        0x0
 .iplt          0x0800273c        0x0 c:/dev_tools/ac6/systemworkbench/plugins/fr.ac6.mcu.externaltools.arm-none.win32_1.13.3.201707031232/tools/compiler/bin/../lib/gcc/arm-none-eabi/5.4.1/armv7-m/crtbegin.o

.rodata         0x0800273c       0x40
                0x0800273c                . = ALIGN (0x4)
 *(.rodata)
 .rodata        0x0800273c       0x14 Application/User/settings_eeprom.o
 .rodata        0x08002750       0x18 Drivers/CMSIS/system_stm32f1xx.o
                0x08002750                AHBPrescTable
                0x08002760                APBPrescTable
 .rodata        0x08002768       0x12 Drivers/STM32F1xx_HAL_Driver/stm32f1xx_hal_rcc.o
 *(.rodata*)
                0x0800277c                . = ALIGN (0x4)
 *fill*         0x0800277a        0x2 

.rel.dyn        0x0800277c        0x0
 .rel.iplt      0x0800277c        0x0 c:/dev_tools/ac6/systemworkbench/plugins/fr.ac6.mcu.externaltools.arm-none.win32_1.13.3.201707031232/tools/compiler/bin/../lib/gcc/arm-none-eabi/5.4.1/armv7-m/crtbegin.o

.ARM.extab
 *(.ARM.extab* .gnu.linkonce.armextab.*)

.ARM            0x0800277c        0x0
                0x0800277c                __exidx_start = .
 *(.ARM.exidx*)
                0x0800277c                __exidx_end = .

.preinit_array  0x0800277c        0x0
                0x0800277c                PROVIDE (__preinit_array_start, .)
 *(.preinit_array*)
                0x0800277c                PROVIDE (__preinit_array_end, .)

.init_array     0x0800277c        0xc
                0x0800277c                PROVIDE (__init_array_start, .)
 *(SORT(.init_array.*))
 *(.init_array*)
 .init_array    0x0800277c        0x4 c:/dev_tools/ac6/systemworkbench/plugins/fr.ac6.mcu.externaltools.arm-none.win32_1.13.3.201707031232/tools/compiler/bin/../lib/gcc/arm-none-eabi/5.4.1/armv7-m/crtbegin.o
 .init_array    0x08002780        0x4 Application/User/receiver.o
 .init_array    0x08002784        0x4 Application/User/settings_eeprom.o
                0x08002788                PROVIDE (__init_array_end, .)

.fini_array     0x08002788        0x4
                [!provide]                PROVIDE (__fini_array_start, .)
 *(SORT(.fini_array.*))
 *(.fini_array*)
 .fini_array    0x08002788        0x4 c:/dev_tools/ac6/systemworkbench/plugins/fr.ac6.mcu.externaltools.arm-none.win32_1.13.3.201707031232/tools/compiler/bin/../lib/gcc/arm-none-eabi/5.4.1/armv7-m/crtbegin.o
                [!provide]                PROVIDE (__fini_array_end, .)
                0x0800278c                _sidata = LOADADDR (.data)

.data           0x20000000        0x4 load address 0x0800278c
                0x20000000                . = ALIGN (0x4)
                0x20000000                _sdata = .
 *(.data)
 .data          0x20000000        0x4 Drivers/CMSIS/system_stm32f1xx.o
                0x20000000                SystemCoreClock
 *(.data*)
                0x20000004                . = ALIGN (0x4)
                0x20000004                _edata = .

.jcr            0x20000004        0x0 load address 0x08002790
 .jcr           0x20000004        0x0 c:/dev_tools/ac6/systemworkbench/plugins/fr.ac6.mcu.externaltools.arm-none.win32_1.13.3.201707031232/tools/compiler/bin/../lib/gcc/arm-none-eabi/5.4.1/armv7-m/crtbegin.o

.igot.plt       0x20000004        0x0 load address 0x08002790
 .igot.plt      0x20000004        0x0 c:/dev_tools/ac6/systemworkbench/plugins/fr.ac6.mcu.externaltools.arm-none.win32_1.13.3.201707031232/tools/compiler/bin/../lib/gcc/arm-none-eabi/5.4.1/armv7-m/crtbegin.o
                0x20000004                . = ALIGN (0x4)

.bss            0x20000004      0x1cc load address 0x08002790
                0x20000004                _sbss = .
                0x20000004                __bss_start__ = _sbss
 *(.bss)
 .bss           0x20000004       0x1c c:/dev_tools/ac6/systemworkbench/plugins/fr.ac6.mcu.externaltools.arm-none.win32_1.13.3.201707031232/tools/compiler/bin/../lib/gcc/arm-none-eabi/5.4.1/armv7-m/crtbegin.o
 .bss           0x20000020      0x120 Application/User/main.o
                0x20000020                hadc1
                0x20000050                hdma_adc1
                0x20000088                hi2c1
                0x200000c4                hi2c2
                0x20000100                huart1
 .bss           0x20000140       0x60 Application/User/receiver.o
                0x20000140                Receiver::rssiDMARaw
                0x20000148                Receiver::activeReceiver
                0x20000149                Receiver::activeChannel
                0x2000014a                Receiver::rssiA
                0x2000014c                Receiver::rssiARaw
                0x20000150                Receiver::rssiALast
                0x20000168                Receiver::rssiB
                0x2000016a                Receiver::rssiBRaw
                0x2000016c                Receiver::rssiBLast
                0x20000184                Receiver::diversityTargetReceiver
                0x20000188                Receiver::diversityHysteresisTimer
 .bss           0x200001a0       0x29 Application/User/settings_eeprom.o
                0x200001ac                EepromSettings
                0x200001c0                eep
 *fill*         0x200001c9        0x3 
 .bss           0x200001cc        0x4 Drivers/STM32F1xx_HAL_Driver/stm32f1xx_hal.o
 *(.bss*)
 *(COMMON)
                0x200001d0                . = ALIGN (0x4)
                0x200001d0                _ebss = .
                0x200001d0                __bss_end__ = _ebss

._user_heap_stack
                0x200001d0      0x600 load address 0x08002790
                0x200001d0                . = ALIGN (0x8)
                [!provide]                PROVIDE (end, .)
                [!provide]                PROVIDE (_end, .)
                0x200003d0                . = (. + _Min_Heap_Size)
 *fill*         0x200001d0      0x200 
                0x200007d0                . = (. + _Min_Stack_Size)
 *fill*         0x200003d0      0x400 
                0x200007d0                . = ALIGN (0x8)

/DISCARD/
 libc.a(*)
 libm.a(*)
 libgcc.a(*)

.ARM.attributes
                0x00000000       0x29
 *(.ARM.attributes)
 .ARM.attributes
                0x00000000       0x1d c:/dev_tools/ac6/systemworkbench/plugins/fr.ac6.mcu.externaltools.arm-none.win32_1.13.3.201707031232/tools/compiler/bin/../lib/gcc/arm-none-eabi/5.4.1/armv7-m/crti.o
 .ARM.attributes
                0x0000001d       0x2d c:/dev_tools/ac6/systemworkbench/plugins/fr.ac6.mcu.externaltools.arm-none.win32_1.13.3.201707031232/tools/compiler/bin/../lib/gcc/arm-none-eabi/5.4.1/armv7-m/crtbegin.o
 .ARM.attributes
                0x0000004a       0x21 Application/SW4STM32/startup_stm32f103xb.o
 .ARM.attributes
                0x0000006b       0x33 Application/User/Eeprom24C01_02.o
 .ARM.attributes
                0x0000009e       0x33 Application/User/main.o
 .ARM.attributes
                0x000000d1       0x33 Application/User/receiver.o
 .ARM.attributes
                0x00000104       0x33 Application/User/settings_eeprom.o
 .ARM.attributes
                0x00000137       0x33 Application/User/stm32f1xx_hal_msp.o
 .ARM.attributes
                0x0000016a       0x33 Application/User/stm32f1xx_it.o
 .ARM.attributes
                0x0000019d       0x33 Application/User/timer.o
 .ARM.attributes
                0x000001d0       0x33 Drivers/CMSIS/system_stm32f1xx.o
 .ARM.attributes
                0x00000203       0x33 Drivers/STM32F1xx_HAL_Driver/stm32f1xx_hal.o
 .ARM.attributes
                0x00000236       0x33 Drivers/STM32F1xx_HAL_Driver/stm32f1xx_hal_adc.o
 .ARM.attributes
                0x00000269       0x33 Drivers/STM32F1xx_HAL_Driver/stm32f1xx_hal_cortex.o
 .ARM.attributes
                0x0000029c       0x33 Drivers/STM32F1xx_HAL_Driver/stm32f1xx_hal_dma.o
 .ARM.attributes
                0x000002cf       0x33 Drivers/STM32F1xx_HAL_Driver/stm32f1xx_hal_gpio.o
 .ARM.attributes
                0x00000302       0x33 Drivers/STM32F1xx_HAL_Driver/stm32f1xx_hal_i2c.o
 .ARM.attributes
                0x00000335       0x33 Drivers/STM32F1xx_HAL_Driver/stm32f1xx_hal_rcc.o
 .ARM.attributes
                0x00000368       0x33 Drivers/STM32F1xx_HAL_Driver/stm32f1xx_hal_rcc_ex.o
 .ARM.attributes
                0x0000039b       0x33 Drivers/STM32F1xx_HAL_Driver/stm32f1xx_hal_uart.o
 .ARM.attributes
                0x000003ce       0x2d c:/dev_tools/ac6/systemworkbench/plugins/fr.ac6.mcu.externaltools.arm-none.win32_1.13.3.201707031232/tools/compiler/bin/../lib/gcc/arm-none-eabi/5.4.1/../../../../arm-none-eabi/lib/armv7-m\libc_nano.a(lib_a-init.o)
 .ARM.attributes
                0x000003fb       0x2d c:/dev_tools/ac6/systemworkbench/plugins/fr.ac6.mcu.externaltools.arm-none.win32_1.13.3.201707031232/tools/compiler/bin/../lib/gcc/arm-none-eabi/5.4.1/../../../../arm-none-eabi/lib/armv7-m\libc_nano.a(lib_a-memcpy-stub.o)
 .ARM.attributes
                0x00000428       0x1d c:/dev_tools/ac6/systemworkbench/plugins/fr.ac6.mcu.externaltools.arm-none.win32_1.13.3.201707031232/tools/compiler/bin/../lib/gcc/arm-none-eabi/5.4.1/armv7-m/crtn.o
OUTPUT(OpenPRO58.elf elf32-littlearm)

.debug_line     0x00000000     0xb892
 .debug_line    0x00000000       0xd6 Application/SW4STM32/startup_stm32f103xb.o
 .debug_line    0x000000d6      0x886 Application/User/Eeprom24C01_02.o
 .debug_line    0x0000095c      0x8b8 Application/User/main.o
 .debug_line    0x00001214      0x969 Application/User/receiver.o
 .debug_line    0x00001b7d      0x96c Application/User/settings_eeprom.o
 .debug_line    0x000024e9      0x826 Application/User/stm32f1xx_hal_msp.o
 .debug_line    0x00002d0f      0x82e Application/User/stm32f1xx_it.o
 .debug_line    0x0000353d      0x79d Application/User/timer.o
 .debug_line    0x00003cda      0x82f Drivers/CMSIS/system_stm32f1xx.o
 .debug_line    0x00004509      0x939 Drivers/STM32F1xx_HAL_Driver/stm32f1xx_hal.o
 .debug_line    0x00004e42      0xd95 Drivers/STM32F1xx_HAL_Driver/stm32f1xx_hal_adc.o
 .debug_line    0x00005bd7      0x9aa Drivers/STM32F1xx_HAL_Driver/stm32f1xx_hal_cortex.o
 .debug_line    0x00006581      0xc53 Drivers/STM32F1xx_HAL_Driver/stm32f1xx_hal_dma.o
 .debug_line    0x000071d4      0x970 Drivers/STM32F1xx_HAL_Driver/stm32f1xx_hal_gpio.o
 .debug_line    0x00007b44     0x17f9 Drivers/STM32F1xx_HAL_Driver/stm32f1xx_hal_i2c.o
 .debug_line    0x0000933d      0xd10 Drivers/STM32F1xx_HAL_Driver/stm32f1xx_hal_rcc.o
 .debug_line    0x0000a04d      0x91d Drivers/STM32F1xx_HAL_Driver/stm32f1xx_hal_rcc_ex.o
 .debug_line    0x0000a96a      0xf28 Drivers/STM32F1xx_HAL_Driver/stm32f1xx_hal_uart.o

.debug_info     0x00000000     0xd665
 .debug_info    0x00000000       0xe4 Application/SW4STM32/startup_stm32f103xb.o
 .debug_info    0x000000e4      0xa20 Application/User/Eeprom24C01_02.o
 .debug_info    0x00000b04     0x11e1 Application/User/main.o
 .debug_info    0x00001ce5      0xe7b Application/User/receiver.o
 .debug_info    0x00002b60     0x1348 Application/User/settings_eeprom.o
 .debug_info    0x00003ea8      0xdbf Application/User/stm32f1xx_hal_msp.o
 .debug_info    0x00004c67      0x346 Application/User/stm32f1xx_it.o
 .debug_info    0x00004fad      0x219 Application/User/timer.o
 .debug_info    0x000051c6      0x3eb Drivers/CMSIS/system_stm32f1xx.o
 .debug_info    0x000055b1      0x68a Drivers/STM32F1xx_HAL_Driver/stm32f1xx_hal.o
 .debug_info    0x00005c3b      0xf9d Drivers/STM32F1xx_HAL_Driver/stm32f1xx_hal_adc.o
 .debug_info    0x00006bd8      0xc25 Drivers/STM32F1xx_HAL_Driver/stm32f1xx_hal_cortex.o
 .debug_info    0x000077fd      0x64b Drivers/STM32F1xx_HAL_Driver/stm32f1xx_hal_dma.o
 .debug_info    0x00007e48      0x60f Drivers/STM32F1xx_HAL_Driver/stm32f1xx_hal_gpio.o
 .debug_info    0x00008457     0x2a4c Drivers/STM32F1xx_HAL_Driver/stm32f1xx_hal_i2c.o
 .debug_info    0x0000aea3     0x1244 Drivers/STM32F1xx_HAL_Driver/stm32f1xx_hal_rcc.o
 .debug_info    0x0000c0e7      0x57b Drivers/STM32F1xx_HAL_Driver/stm32f1xx_hal_rcc_ex.o
 .debug_info    0x0000c662     0x1003 Drivers/STM32F1xx_HAL_Driver/stm32f1xx_hal_uart.o

.debug_abbrev   0x00000000     0x26e6
 .debug_abbrev  0x00000000       0x12 Application/SW4STM32/startup_stm32f103xb.o
 .debug_abbrev  0x00000012      0x285 Application/User/Eeprom24C01_02.o
 .debug_abbrev  0x00000297      0x27a Application/User/main.o
 .debug_abbrev  0x00000511      0x2da Application/User/receiver.o
 .debug_abbrev  0x000007eb      0x363 Application/User/settings_eeprom.o
 .debug_abbrev  0x00000b4e      0x1a4 Application/User/stm32f1xx_hal_msp.o
 .debug_abbrev  0x00000cf2      0x135 Application/User/stm32f1xx_it.o
 .debug_abbrev  0x00000e27      0x132 Application/User/timer.o
 .debug_abbrev  0x00000f59      0x125 Drivers/CMSIS/system_stm32f1xx.o
 .debug_abbrev  0x0000107e      0x231 Drivers/STM32F1xx_HAL_Driver/stm32f1xx_hal.o
 .debug_abbrev  0x000012af      0x2c2 Drivers/STM32F1xx_HAL_Driver/stm32f1xx_hal_adc.o
 .debug_abbrev  0x00001571      0x2f1 Drivers/STM32F1xx_HAL_Driver/stm32f1xx_hal_cortex.o
 .debug_abbrev  0x00001862      0x208 Drivers/STM32F1xx_HAL_Driver/stm32f1xx_hal_dma.o
 .debug_abbrev  0x00001a6a      0x1cb Drivers/STM32F1xx_HAL_Driver/stm32f1xx_hal_gpio.o
 .debug_abbrev  0x00001c35      0x2fa Drivers/STM32F1xx_HAL_Driver/stm32f1xx_hal_i2c.o
 .debug_abbrev  0x00001f2f      0x2c2 Drivers/STM32F1xx_HAL_Driver/stm32f1xx_hal_rcc.o
 .debug_abbrev  0x000021f1      0x22d Drivers/STM32F1xx_HAL_Driver/stm32f1xx_hal_rcc_ex.o
 .debug_abbrev  0x0000241e      0x2c8 Drivers/STM32F1xx_HAL_Driver/stm32f1xx_hal_uart.o

.debug_aranges  0x00000000      0x8f8
 .debug_aranges
                0x00000000       0x28 Application/SW4STM32/startup_stm32f103xb.o
 .debug_aranges
                0x00000028       0x60 Application/User/Eeprom24C01_02.o
 .debug_aranges
                0x00000088       0x60 Application/User/main.o
 .debug_aranges
                0x000000e8       0x70 Application/User/receiver.o
 .debug_aranges
                0x00000158       0xa8 Application/User/settings_eeprom.o
 .debug_aranges
                0x00000200       0x50 Application/User/stm32f1xx_hal_msp.o
 .debug_aranges
                0x00000250       0x68 Application/User/stm32f1xx_it.o
 .debug_aranges
                0x000002b8       0x30 Application/User/timer.o
 .debug_aranges
                0x000002e8       0x28 Drivers/CMSIS/system_stm32f1xx.o
 .debug_aranges
                0x00000310       0xa8 Drivers/STM32F1xx_HAL_Driver/stm32f1xx_hal.o
 .debug_aranges
                0x000003b8       0xc8 Drivers/STM32F1xx_HAL_Driver/stm32f1xx_hal_adc.o
 .debug_aranges
                0x00000480       0x90 Drivers/STM32F1xx_HAL_Driver/stm32f1xx_hal_cortex.o
 .debug_aranges
                0x00000510       0x60 Drivers/STM32F1xx_HAL_Driver/stm32f1xx_hal_dma.o
 .debug_aranges
                0x00000570       0x58 Drivers/STM32F1xx_HAL_Driver/stm32f1xx_hal_gpio.o
 .debug_aranges
                0x000005c8      0x170 Drivers/STM32F1xx_HAL_Driver/stm32f1xx_hal_i2c.o
 .debug_aranges
                0x00000738       0x88 Drivers/STM32F1xx_HAL_Driver/stm32f1xx_hal_rcc.o
 .debug_aranges
                0x000007c0       0x30 Drivers/STM32F1xx_HAL_Driver/stm32f1xx_hal_rcc_ex.o
 .debug_aranges
                0x000007f0      0x108 Drivers/STM32F1xx_HAL_Driver/stm32f1xx_hal_uart.o

.debug_ranges   0x00000000      0xb48
 .debug_ranges  0x00000000       0x20 Application/SW4STM32/startup_stm32f103xb.o
 .debug_ranges  0x00000020       0x50 Application/User/Eeprom24C01_02.o
 .debug_ranges  0x00000070       0x50 Application/User/main.o
 .debug_ranges  0x000000c0       0x60 Application/User/receiver.o
 .debug_ranges  0x00000120       0x98 Application/User/settings_eeprom.o
 .debug_ranges  0x000001b8       0x40 Application/User/stm32f1xx_hal_msp.o
 .debug_ranges  0x000001f8       0x58 Application/User/stm32f1xx_it.o
 .debug_ranges  0x00000250       0x20 Application/User/timer.o
 .debug_ranges  0x00000270       0x18 Drivers/CMSIS/system_stm32f1xx.o
 .debug_ranges  0x00000288       0x98 Drivers/STM32F1xx_HAL_Driver/stm32f1xx_hal.o
 .debug_ranges  0x00000320       0xb8 Drivers/STM32F1xx_HAL_Driver/stm32f1xx_hal_adc.o
 .debug_ranges  0x000003d8      0x130 Drivers/STM32F1xx_HAL_Driver/stm32f1xx_hal_cortex.o
 .debug_ranges  0x00000508       0x80 Drivers/STM32F1xx_HAL_Driver/stm32f1xx_hal_dma.o
 .debug_ranges  0x00000588       0x68 Drivers/STM32F1xx_HAL_Driver/stm32f1xx_hal_gpio.o
 .debug_ranges  0x000005f0      0x298 Drivers/STM32F1xx_HAL_Driver/stm32f1xx_hal_i2c.o
 .debug_ranges  0x00000888      0x148 Drivers/STM32F1xx_HAL_Driver/stm32f1xx_hal_rcc.o
 .debug_ranges  0x000009d0       0x68 Drivers/STM32F1xx_HAL_Driver/stm32f1xx_hal_rcc_ex.o
 .debug_ranges  0x00000a38      0x110 Drivers/STM32F1xx_HAL_Driver/stm32f1xx_hal_uart.o

.debug_macro    0x00000000    0x1c2ce
 .debug_macro   0x00000000      0x2b1 Application/User/Eeprom24C01_02.o
 .debug_macro   0x000002b1      0x922 Application/User/Eeprom24C01_02.o
 .debug_macro   0x00000bd3       0x10 Application/User/Eeprom24C01_02.o
 .debug_macro   0x00000be3       0xfa Application/User/Eeprom24C01_02.o
 .debug_macro   0x00000cdd      0x19e Application/User/Eeprom24C01_02.o
 .debug_macro   0x00000e7b       0x2e Application/User/Eeprom24C01_02.o
 .debug_macro   0x00000ea9       0x22 Application/User/Eeprom24C01_02.o
 .debug_macro   0x00000ecb       0x1c Application/User/Eeprom24C01_02.o
 .debug_macro   0x00000ee7       0x22 Application/User/Eeprom24C01_02.o
 .debug_macro   0x00000f09       0x4f Application/User/Eeprom24C01_02.o
 .debug_macro   0x00000f58       0x44 Application/User/Eeprom24C01_02.o
 .debug_macro   0x00000f9c       0xfd Application/User/Eeprom24C01_02.o
 .debug_macro   0x00001099       0x5e Application/User/Eeprom24C01_02.o
 .debug_macro   0x000010f7      0x1df Application/User/Eeprom24C01_02.o
 .debug_macro   0x000012d6       0x34 Application/User/Eeprom24C01_02.o
 .debug_macro   0x0000130a       0x34 Application/User/Eeprom24C01_02.o
 .debug_macro   0x0000133e      0xb8e Application/User/Eeprom24C01_02.o
 .debug_macro   0x00001ecc     0xf2f7 Application/User/Eeprom24C01_02.o
 .debug_macro   0x000111c3       0x43 Application/User/Eeprom24C01_02.o
 .debug_macro   0x00011206     0x3383 Application/User/Eeprom24C01_02.o
 .debug_macro   0x00014589       0x52 Application/User/Eeprom24C01_02.o
 .debug_macro   0x000145db       0x35 Application/User/Eeprom24C01_02.o
 .debug_macro   0x00014610       0x9c Application/User/Eeprom24C01_02.o
 .debug_macro   0x000146ac       0x16 Application/User/Eeprom24C01_02.o
 .debug_macro   0x000146c2       0x97 Application/User/Eeprom24C01_02.o
 .debug_macro   0x00014759      0x337 Application/User/Eeprom24C01_02.o
 .debug_macro   0x00014a90      0x104 Application/User/Eeprom24C01_02.o
 .debug_macro   0x00014b94       0x10 Application/User/Eeprom24C01_02.o
 .debug_macro   0x00014ba4       0x52 Application/User/Eeprom24C01_02.o
 .debug_macro   0x00014bf6       0x1f Application/User/Eeprom24C01_02.o
 .debug_macro   0x00014c15       0x43 Application/User/Eeprom24C01_02.o
 .debug_macro   0x00014c58       0x20 Application/User/Eeprom24C01_02.o
 .debug_macro   0x00014c78      0x187 Application/User/Eeprom24C01_02.o
 .debug_macro   0x00014dff       0x10 Application/User/Eeprom24C01_02.o
 .debug_macro   0x00014e0f       0xb6 Application/User/Eeprom24C01_02.o
 .debug_macro   0x00014ec5       0x16 Application/User/Eeprom24C01_02.o
 .debug_macro   0x00014edb      0x145 Application/User/Eeprom24C01_02.o
 .debug_macro   0x00015020       0x50 Application/User/Eeprom24C01_02.o
 .debug_macro   0x00015070      0x778 Application/User/Eeprom24C01_02.o
 .debug_macro   0x000157e8      0x28b Application/User/Eeprom24C01_02.o
 .debug_macro   0x00015a73      0x141 Application/User/Eeprom24C01_02.o
 .debug_macro   0x00015bb4      0x197 Application/User/Eeprom24C01_02.o
 .debug_macro   0x00015d4b      0x1ae Application/User/Eeprom24C01_02.o
 .debug_macro   0x00015ef9       0x2d Application/User/Eeprom24C01_02.o
 .debug_macro   0x00015f26       0x3c Application/User/Eeprom24C01_02.o
 .debug_macro   0x00015f62       0x57 Application/User/Eeprom24C01_02.o
 .debug_macro   0x00015fb9      0x46a Application/User/Eeprom24C01_02.o
 .debug_macro   0x00016423      0x1b5 Application/User/Eeprom24C01_02.o
 .debug_macro   0x000165d8       0x8c Application/User/Eeprom24C01_02.o
 .debug_macro   0x00016664      0x242 Application/User/Eeprom24C01_02.o
 .debug_macro   0x000168a6      0x225 Application/User/Eeprom24C01_02.o
 .debug_macro   0x00016acb      0x143 Application/User/Eeprom24C01_02.o
 .debug_macro   0x00016c0e      0x256 Application/User/Eeprom24C01_02.o
 .debug_macro   0x00016e64       0x7c Application/User/Eeprom24C01_02.o
 .debug_macro   0x00016ee0      0x2b5 Application/User/main.o
 .debug_macro   0x00017195       0x58 Application/User/main.o
 .debug_macro   0x000171ed       0x28 Application/User/main.o
 .debug_macro   0x00017215       0x16 Application/User/main.o
 .debug_macro   0x0001722b      0x2e6 Application/User/receiver.o
 .debug_macro   0x00017511       0x10 Application/User/receiver.o
 .debug_macro   0x00017521      0x304 Application/User/settings_eeprom.o
 .debug_macro   0x00017825       0x4c Application/User/settings_eeprom.o
 .debug_macro   0x00017871       0x55 Application/User/settings_eeprom.o
 .debug_macro   0x000178c6      0x17b Application/User/settings_eeprom.o
 .debug_macro   0x00017a41       0x4a Application/User/settings_eeprom.o
 .debug_macro   0x00017a8b       0x10 Application/User/settings_eeprom.o
 .debug_macro   0x00017a9b       0x35 Application/User/settings_eeprom.o
 .debug_macro   0x00017ad0       0x1c Application/User/settings_eeprom.o
 .debug_macro   0x00017aec       0x22 Application/User/settings_eeprom.o
 .debug_macro   0x00017b0e       0x10 Application/User/settings_eeprom.o
 .debug_macro   0x00017b1e      0x45d Application/User/settings_eeprom.o
 .debug_macro   0x00017f7b      0x290 Application/User/stm32f1xx_hal_msp.o
 .debug_macro   0x0001820b      0x29a Application/User/stm32f1xx_it.o
 .debug_macro   0x000184a5      0x294 Application/User/timer.o
 .debug_macro   0x00018739       0x3a Application/User/timer.o
 .debug_macro   0x00018773      0x2ea Drivers/CMSIS/system_stm32f1xx.o
 .debug_macro   0x00018a5d      0x886 Drivers/CMSIS/system_stm32f1xx.o
 .debug_macro   0x000192e3       0x87 Drivers/CMSIS/system_stm32f1xx.o
 .debug_macro   0x0001936a      0xb8e Drivers/CMSIS/system_stm32f1xx.o
 .debug_macro   0x00019ef8       0x9c Drivers/CMSIS/system_stm32f1xx.o
 .debug_macro   0x00019f94       0x97 Drivers/CMSIS/system_stm32f1xx.o
 .debug_macro   0x0001a02b      0x30d Drivers/CMSIS/system_stm32f1xx.o
 .debug_macro   0x0001a338       0xfd Drivers/CMSIS/system_stm32f1xx.o
 .debug_macro   0x0001a435       0x43 Drivers/CMSIS/system_stm32f1xx.o
 .debug_macro   0x0001a478       0x1c Drivers/CMSIS/system_stm32f1xx.o
 .debug_macro   0x0001a494       0x52 Drivers/CMSIS/system_stm32f1xx.o
 .debug_macro   0x0001a4e6       0x40 Drivers/CMSIS/system_stm32f1xx.o
 .debug_macro   0x0001a526       0x10 Drivers/CMSIS/system_stm32f1xx.o
 .debug_macro   0x0001a536       0x40 Drivers/CMSIS/system_stm32f1xx.o
 .debug_macro   0x0001a576       0xd7 Drivers/CMSIS/system_stm32f1xx.o
 .debug_macro   0x0001a64d      0x18b Drivers/CMSIS/system_stm32f1xx.o
 .debug_macro   0x0001a7d8      0x308 Drivers/STM32F1xx_HAL_Driver/stm32f1xx_hal.o
 .debug_macro   0x0001aae0      0x301 Drivers/STM32F1xx_HAL_Driver/stm32f1xx_hal_adc.o
 .debug_macro   0x0001ade1      0x2e4 Drivers/STM32F1xx_HAL_Driver/stm32f1xx_hal_cortex.o
 .debug_macro   0x0001b0c5      0x2ea Drivers/STM32F1xx_HAL_Driver/stm32f1xx_hal_dma.o
 .debug_macro   0x0001b3af      0x354 Drivers/STM32F1xx_HAL_Driver/stm32f1xx_hal_gpio.o
 .debug_macro   0x0001b703      0x2fa Drivers/STM32F1xx_HAL_Driver/stm32f1xx_hal_i2c.o
 .debug_macro   0x0001b9fd      0x308 Drivers/STM32F1xx_HAL_Driver/stm32f1xx_hal_rcc.o
 .debug_macro   0x0001bd05      0x2e4 Drivers/STM32F1xx_HAL_Driver/stm32f1xx_hal_rcc_ex.o
 .debug_macro   0x0001bfe9      0x2e5 Drivers/STM32F1xx_HAL_Driver/stm32f1xx_hal_uart.o

.debug_str      0x00000000    0x8fe9b
 .debug_str     0x00000000    0x8ab9a Application/User/Eeprom24C01_02.o
                              0x8b02b (size before relaxing)
 .debug_str     0x0008ab9a      0xc3f Application/User/main.o
                              0x8bb92 (size before relaxing)
 .debug_str     0x0008b7d9      0x553 Application/User/receiver.o
                              0x8b84b (size before relaxing)
 .debug_str     0x0008bd2c     0x14d6 Application/User/settings_eeprom.o
                              0x8c8c7 (size before relaxing)
 .debug_str     0x0008d202       0xfb Application/User/stm32f1xx_hal_msp.o
                              0x8b4f8 (size before relaxing)
 .debug_str     0x0008d2fd       0xfd Application/User/stm32f1xx_it.o
                              0x8aba5 (size before relaxing)
 .debug_str     0x0008d3fa       0x49 Application/User/timer.o
                              0x8a95a (size before relaxing)
 .debug_str     0x0008d443      0xea1 Drivers/CMSIS/system_stm32f1xx.o
                              0x8b0f3 (size before relaxing)
 .debug_str     0x0008e2e4      0x328 Drivers/STM32F1xx_HAL_Driver/stm32f1xx_hal.o
                              0x8b6a4 (size before relaxing)
 .debug_str     0x0008e60c      0x3bc Drivers/STM32F1xx_HAL_Driver/stm32f1xx_hal_adc.o
                              0x8b6c9 (size before relaxing)
 .debug_str     0x0008e9c8      0x27e Drivers/STM32F1xx_HAL_Driver/stm32f1xx_hal_cortex.o
                              0x8b6ae (size before relaxing)
 .debug_str     0x0008ec46      0x17f Drivers/STM32F1xx_HAL_Driver/stm32f1xx_hal_dma.o
                              0x8b31c (size before relaxing)
 .debug_str     0x0008edc5      0x3f2 Drivers/STM32F1xx_HAL_Driver/stm32f1xx_hal_gpio.o
                              0x8b493 (size before relaxing)
 .debug_str     0x0008f1b7      0x636 Drivers/STM32F1xx_HAL_Driver/stm32f1xx_hal_i2c.o
                              0x8b9f1 (size before relaxing)
 .debug_str     0x0008f7ed      0x2c2 Drivers/STM32F1xx_HAL_Driver/stm32f1xx_hal_rcc.o
                              0x8b505 (size before relaxing)
 .debug_str     0x0008faaf       0xc8 Drivers/STM32F1xx_HAL_Driver/stm32f1xx_hal_rcc_ex.o
                              0x8b1d1 (size before relaxing)
 .debug_str     0x0008fb77      0x324 Drivers/STM32F1xx_HAL_Driver/stm32f1xx_hal_uart.o
                              0x8b6f5 (size before relaxing)

.comment        0x00000000       0x6e
 .comment       0x00000000       0x6e Application/User/Eeprom24C01_02.o
                                 0x6f (size before relaxing)
 .comment       0x0000006e       0x6f Application/User/main.o
 .comment       0x0000006e       0x6f Application/User/receiver.o
 .comment       0x0000006e       0x6f Application/User/settings_eeprom.o
 .comment       0x0000006e       0x6f Application/User/stm32f1xx_hal_msp.o
 .comment       0x0000006e       0x6f Application/User/stm32f1xx_it.o
 .comment       0x0000006e       0x6f Application/User/timer.o
 .comment       0x0000006e       0x6f Drivers/CMSIS/system_stm32f1xx.o
 .comment       0x0000006e       0x6f Drivers/STM32F1xx_HAL_Driver/stm32f1xx_hal.o
 .comment       0x0000006e       0x6f Drivers/STM32F1xx_HAL_Driver/stm32f1xx_hal_adc.o
 .comment       0x0000006e       0x6f Drivers/STM32F1xx_HAL_Driver/stm32f1xx_hal_cortex.o
 .comment       0x0000006e       0x6f Drivers/STM32F1xx_HAL_Driver/stm32f1xx_hal_dma.o
 .comment       0x0000006e       0x6f Drivers/STM32F1xx_HAL_Driver/stm32f1xx_hal_gpio.o
 .comment       0x0000006e       0x6f Drivers/STM32F1xx_HAL_Driver/stm32f1xx_hal_i2c.o
 .comment       0x0000006e       0x6f Drivers/STM32F1xx_HAL_Driver/stm32f1xx_hal_rcc.o
 .comment       0x0000006e       0x6f Drivers/STM32F1xx_HAL_Driver/stm32f1xx_hal_rcc_ex.o
 .comment       0x0000006e       0x6f Drivers/STM32F1xx_HAL_Driver/stm32f1xx_hal_uart.o

.debug_frame    0x00000000     0x1ba4
 .debug_frame   0x00000000      0x164 Application/User/Eeprom24C01_02.o
 .debug_frame   0x00000164      0x128 Application/User/main.o
 .debug_frame   0x0000028c      0x18c Application/User/receiver.o
 .debug_frame   0x00000418      0x2a4 Application/User/settings_eeprom.o
 .debug_frame   0x000006bc      0x10c Application/User/stm32f1xx_hal_msp.o
 .debug_frame   0x000007c8      0x128 Application/User/stm32f1xx_it.o
 .debug_frame   0x000008f0       0x7c Application/User/timer.o
 .debug_frame   0x0000096c       0x30 Drivers/CMSIS/system_stm32f1xx.o
 .debug_frame   0x0000099c      0x164 Drivers/STM32F1xx_HAL_Driver/stm32f1xx_hal.o
 .debug_frame   0x00000b00      0x294 Drivers/STM32F1xx_HAL_Driver/stm32f1xx_hal_adc.o
 .debug_frame   0x00000d94      0x120 Drivers/STM32F1xx_HAL_Driver/stm32f1xx_hal_cortex.o
 .debug_frame   0x00000eb4      0x104 Drivers/STM32F1xx_HAL_Driver/stm32f1xx_hal_dma.o
 .debug_frame   0x00000fb8       0xd4 Drivers/STM32F1xx_HAL_Driver/stm32f1xx_hal_gpio.o
 .debug_frame   0x0000108c      0x5f4 Drivers/STM32F1xx_HAL_Driver/stm32f1xx_hal_i2c.o
 .debug_frame   0x00001680      0x14c Drivers/STM32F1xx_HAL_Driver/stm32f1xx_hal_rcc.o
 .debug_frame   0x000017cc       0x6c Drivers/STM32F1xx_HAL_Driver/stm32f1xx_hal_rcc_ex.o
 .debug_frame   0x00001838      0x318 Drivers/STM32F1xx_HAL_Driver/stm32f1xx_hal_uart.o
 .debug_frame   0x00001b50       0x2c c:/dev_tools/ac6/systemworkbench/plugins/fr.ac6.mcu.externaltools.arm-none.win32_1.13.3.201707031232/tools/compiler/bin/../lib/gcc/arm-none-eabi/5.4.1/../../../../arm-none-eabi/lib/armv7-m\libc_nano.a(lib_a-init.o)
 .debug_frame   0x00001b7c       0x28 c:/dev_tools/ac6/systemworkbench/plugins/fr.ac6.mcu.externaltools.arm-none.win32_1.13.3.201707031232/tools/compiler/bin/../lib/gcc/arm-none-eabi/5.4.1/../../../../arm-none-eabi/lib/armv7-m\libc_nano.a(lib_a-memcpy-stub.o)

.debug_loc      0x00000000     0x5dfb
 .debug_loc     0x00000000       0xaa Drivers/CMSIS/system_stm32f1xx.o
 .debug_loc     0x000000aa       0x73 Drivers/STM32F1xx_HAL_Driver/stm32f1xx_hal.o
 .debug_loc     0x0000011d      0xa48 Drivers/STM32F1xx_HAL_Driver/stm32f1xx_hal_adc.o
 .debug_loc     0x00000b65      0x48f Drivers/STM32F1xx_HAL_Driver/stm32f1xx_hal_cortex.o
 .debug_loc     0x00000ff4      0x438 Drivers/STM32F1xx_HAL_Driver/stm32f1xx_hal_dma.o
 .debug_loc     0x0000142c      0x2e8 Drivers/STM32F1xx_HAL_Driver/stm32f1xx_hal_gpio.o
 .debug_loc     0x00001714     0x2d44 Drivers/STM32F1xx_HAL_Driver/stm32f1xx_hal_i2c.o
 .debug_loc     0x00004458      0x8a9 Drivers/STM32F1xx_HAL_Driver/stm32f1xx_hal_rcc.o
 .debug_loc     0x00004d01      0x378 Drivers/STM32F1xx_HAL_Driver/stm32f1xx_hal_rcc_ex.o
 .debug_loc     0x00005079      0xd82 Drivers/STM32F1xx_HAL_Driver/stm32f1xx_hal_uart.o
