Archive member included to satisfy reference by file (symbol)

c:/dev_tools/ac6/systemworkbench/plugins/fr.ac6.mcu.externaltools.arm-none.win32_1.13.3.201707031232/tools/compiler/bin/../lib/gcc/arm-none-eabi/5.4.1/../../../../arm-none-eabi/lib/armv7-m\libstdc++_nano.a(pure.o)
                              Application/User/Adafruit_GFX_AS.o (__cxa_pure_virtual)
c:/dev_tools/ac6/systemworkbench/plugins/fr.ac6.mcu.externaltools.arm-none.win32_1.13.3.201707031232/tools/compiler/bin/../lib/gcc/arm-none-eabi/5.4.1/../../../../arm-none-eabi/lib/armv7-m\libstdc++_nano.a(eh_terminate.o)
                              c:/dev_tools/ac6/systemworkbench/plugins/fr.ac6.mcu.externaltools.arm-none.win32_1.13.3.201707031232/tools/compiler/bin/../lib/gcc/arm-none-eabi/5.4.1/../../../../arm-none-eabi/lib/armv7-m\libstdc++_nano.a(pure.o) (std::terminate())
c:/dev_tools/ac6/systemworkbench/plugins/fr.ac6.mcu.externaltools.arm-none.win32_1.13.3.201707031232/tools/compiler/bin/../lib/gcc/arm-none-eabi/5.4.1/../../../../arm-none-eabi/lib/armv7-m\libstdc++_nano.a(eh_term_handler.o)
                              c:/dev_tools/ac6/systemworkbench/plugins/fr.ac6.mcu.externaltools.arm-none.win32_1.13.3.201707031232/tools/compiler/bin/../lib/gcc/arm-none-eabi/5.4.1/../../../../arm-none-eabi/lib/armv7-m\libstdc++_nano.a(eh_terminate.o) (__cxxabiv1::__terminate_handler)
c:/dev_tools/ac6/systemworkbench/plugins/fr.ac6.mcu.externaltools.arm-none.win32_1.13.3.201707031232/tools/compiler/bin/../lib/gcc/arm-none-eabi/5.4.1/../../../../arm-none-eabi/lib/armv7-m\libstdc++_nano.a(eh_unex_handler.o)
                              c:/dev_tools/ac6/systemworkbench/plugins/fr.ac6.mcu.externaltools.arm-none.win32_1.13.3.201707031232/tools/compiler/bin/../lib/gcc/arm-none-eabi/5.4.1/../../../../arm-none-eabi/lib/armv7-m\libstdc++_nano.a(eh_terminate.o) (__cxxabiv1::__unexpected_handler)
c:/dev_tools/ac6/systemworkbench/plugins/fr.ac6.mcu.externaltools.arm-none.win32_1.13.3.201707031232/tools/compiler/bin/../lib/gcc/arm-none-eabi/5.4.1/armv7-m\libgcc.a(_lshrdi3.o)
                              Drivers/STM32F1xx_HAL_Driver/stm32f1xx_hal_flash.o (__aeabi_llsr)
c:/dev_tools/ac6/systemworkbench/plugins/fr.ac6.mcu.externaltools.arm-none.win32_1.13.3.201707031232/tools/compiler/bin/../lib/gcc/arm-none-eabi/5.4.1/armv7-m\libgcc.a(_arm_addsubsf3.o)
                              Application/User/Adafruit_GFX_AS.o (__aeabi_fsub)
c:/dev_tools/ac6/systemworkbench/plugins/fr.ac6.mcu.externaltools.arm-none.win32_1.13.3.201707031232/tools/compiler/bin/../lib/gcc/arm-none-eabi/5.4.1/armv7-m\libgcc.a(_arm_muldivsf3.o)
                              Application/User/Adafruit_GFX_AS.o (__aeabi_fmul)
c:/dev_tools/ac6/systemworkbench/plugins/fr.ac6.mcu.externaltools.arm-none.win32_1.13.3.201707031232/tools/compiler/bin/../lib/gcc/arm-none-eabi/5.4.1/armv7-m\libgcc.a(_arm_cmpsf2.o)
                              Application/User/Adafruit_GFX_AS.o (__aeabi_fcmplt)
c:/dev_tools/ac6/systemworkbench/plugins/fr.ac6.mcu.externaltools.arm-none.win32_1.13.3.201707031232/tools/compiler/bin/../lib/gcc/arm-none-eabi/5.4.1/armv7-m\libgcc.a(_arm_fixsfsi.o)
                              Application/User/Adafruit_GFX_AS.o (__aeabi_f2iz)
c:/dev_tools/ac6/systemworkbench/plugins/fr.ac6.mcu.externaltools.arm-none.win32_1.13.3.201707031232/tools/compiler/bin/../lib/gcc/arm-none-eabi/5.4.1/armv7-m\libgcc.a(_arm_fixunssfsi.o)
                              Application/User/Adafruit_GFX_AS.o (__aeabi_f2uiz)
c:/dev_tools/ac6/systemworkbench/plugins/fr.ac6.mcu.externaltools.arm-none.win32_1.13.3.201707031232/tools/compiler/bin/../lib/gcc/arm-none-eabi/5.4.1/../../../../arm-none-eabi/lib/armv7-m\libc_nano.a(lib_a-abort.o)
                              c:/dev_tools/ac6/systemworkbench/plugins/fr.ac6.mcu.externaltools.arm-none.win32_1.13.3.201707031232/tools/compiler/bin/../lib/gcc/arm-none-eabi/5.4.1/../../../../arm-none-eabi/lib/armv7-m\libstdc++_nano.a(eh_terminate.o) (abort)
c:/dev_tools/ac6/systemworkbench/plugins/fr.ac6.mcu.externaltools.arm-none.win32_1.13.3.201707031232/tools/compiler/bin/../lib/gcc/arm-none-eabi/5.4.1/../../../../arm-none-eabi/lib/armv7-m\libc_nano.a(lib_a-exit.o)
                              c:/dev_tools/ac6/systemworkbench/plugins/fr.ac6.mcu.externaltools.arm-none.win32_1.13.3.201707031232/tools/compiler/bin/../lib/gcc/arm-none-eabi/5.4.1/../../../../arm-none-eabi/lib/armv7-m/crt0.o (exit)
c:/dev_tools/ac6/systemworkbench/plugins/fr.ac6.mcu.externaltools.arm-none.win32_1.13.3.201707031232/tools/compiler/bin/../lib/gcc/arm-none-eabi/5.4.1/../../../../arm-none-eabi/lib/armv7-m\libc_nano.a(lib_a-impure.o)
                              c:/dev_tools/ac6/systemworkbench/plugins/fr.ac6.mcu.externaltools.arm-none.win32_1.13.3.201707031232/tools/compiler/bin/../lib/gcc/arm-none-eabi/5.4.1/../../../../arm-none-eabi/lib/armv7-m\libc_nano.a(lib_a-exit.o) (_global_impure_ptr)
[...]
Memory Configuration

Name             Origin             Length             Attributes
RAM              0x20000000         0x00005000         xrw
FLASH            0x08000000         0x00010000         xr
*default*        0x00000000         0xffffffff

Linker script and memory map

LOAD c:/dev_tools/ac6/systemworkbench/plugins/fr.ac6.mcu.externaltools.arm-none.win32_1.13.3.201707031232/tools/compiler/bin/../lib/gcc/arm-none-eabi/5.4.1/armv7-m/crti.o
LOAD c:/dev_tools/ac6/systemworkbench/plugins/fr.ac6.mcu.externaltools.arm-none.win32_1.13.3.201707031232/tools/compiler/bin/../lib/gcc/arm-none-eabi/5.4.1/armv7-m/crtbegin.o
LOAD c:/dev_tools/ac6/systemworkbench/plugins/fr.ac6.mcu.externaltools.arm-none.win32_1.13.3.201707031232/tools/compiler/bin/../lib/gcc/arm-none-eabi/5.4.1/../../../../arm-none-eabi/lib/armv7-m/crt0.o
LOAD Application/SW4STM32/startup_stm32f103xb.o
LOAD Application/User/Adafruit_GFX_AS.o
LOAD Application/User/Adafruit_SSD1306_STM32.o
LOAD Application/User/Eeprom24C01_02.o
LOAD Application/User/channels.o
LOAD Application/User/main.o
LOAD Application/User/receiver.o
LOAD Application/User/receiver_spi.o
LOAD Application/User/settings_eeprom.o
LOAD Application/User/stm32f1xx_hal_msp.o
LOAD Application/User/stm32f1xx_it.o
LOAD Application/User/timer.o
LOAD Drivers/CMSIS/system_stm32f1xx.o
LOAD Drivers/STM32F1xx_HAL_Driver/stm32f1xx_hal.o
LOAD Drivers/STM32F1xx_HAL_Driver/stm32f1xx_hal_adc.o
LOAD Drivers/STM32F1xx_HAL_Driver/stm32f1xx_hal_adc_ex.o
LOAD Drivers/STM32F1xx_HAL_Driver/stm32f1xx_hal_cortex.o
LOAD Drivers/STM32F1xx_HAL_Driver/stm32f1xx_hal_dma.o
LOAD Drivers/STM32F1xx_HAL_Driver/stm32f1xx_hal_flash.o
LOAD Drivers/STM32F1xx_HAL_Driver/stm32f1xx_hal_flash_ex.o
LOAD Drivers/STM32F1xx_HAL_Driver/stm32f1xx_hal_gpio.o
LOAD Drivers/STM32F1xx_HAL_Driver/stm32f1xx_hal_gpio_ex.o
LOAD Drivers/STM32F1xx_HAL_Driver/stm32f1xx_hal_i2c.o
LOAD Drivers/STM32F1xx_HAL_Driver/stm32f1xx_hal_pwr.o
LOAD Drivers/STM32F1xx_HAL_Driver/stm32f1xx_hal_rcc.o
LOAD Drivers/STM32F1xx_HAL_Driver/stm32f1xx_hal_rcc_ex.o
LOAD Drivers/STM32F1xx_HAL_Driver/stm32f1xx_hal_tim.o
LOAD Drivers/STM32F1xx_HAL_Driver/stm32f1xx_hal_tim_ex.o
LOAD Drivers/STM32F1xx_HAL_Driver/stm32f1xx_hal_uart.o
LOAD c:/dev_tools/ac6/systemworkbench/plugins/fr.ac6.mcu.externaltools.arm-none.win32_1.13.3.201707031232/tools/compiler/bin/../lib/gcc/arm-none-eabi/5.4.1/../../../../arm-none-eabi/lib/armv7-m\libstdc++_nano.a
LOAD c:/dev_tools/ac6/systemworkbench/plugins/fr.ac6.mcu.externaltools.arm-none.win32_1.13.3.201707031232/tools/compiler/bin/../lib/gcc/arm-none-eabi/5.4.1/../../../../arm-none-eabi/lib/armv7-m\libm.a
START GROUP
LOAD c:/dev_tools/ac6/systemworkbench/plugins/fr.ac6.mcu.externaltools.arm-none.win32_1.13.3.201707031232/tools/compiler/bin/../lib/gcc/arm-none-eabi/5.4.1/armv7-m\libgcc.a
LOAD c:/dev_tools/ac6/systemworkbench/plugins/fr.ac6.mcu.externaltools.arm-none.win32_1.13.3.201707031232/tools/compiler/bin/../lib/gcc/arm-none-eabi/5.4.1/../../../../arm-none-eabi/lib/armv7-m\libc_nano.a
END GROUP
START GROUP
LOAD c:/dev_tools/ac6/systemworkbench/plugins/fr.ac6.mcu.externaltools.arm-none.win32_1.13.3.201707031232/tools/compiler/bin/../lib/gcc/arm-none-eabi/5.4.1/armv7-m\libgcc.a
LOAD c:/dev_tools/ac6/systemworkbench/plugins/fr.ac6.mcu.externaltools.arm-none.win32_1.13.3.201707031232/tools/compiler/bin/../lib/gcc/arm-none-eabi/5.4.1/../../../../arm-none-eabi/lib/armv7-m\libc_nano.a
LOAD c:/dev_tools/ac6/systemworkbench/plugins/fr.ac6.mcu.externaltools.arm-none.win32_1.13.3.201707031232/tools/compiler/bin/../lib/gcc/arm-none-eabi/5.4.1/../../../../arm-none-eabi/lib/armv7-m\libnosys.a
END GROUP
START GROUP
LOAD c:/dev_tools/ac6/systemworkbench/plugins/fr.ac6.mcu.externaltools.arm-none.win32_1.13.3.201707031232/tools/compiler/bin/../lib/gcc/arm-none-eabi/5.4.1/armv7-m\libgcc.a
LOAD c:/dev_tools/ac6/systemworkbench/plugins/fr.ac6.mcu.externaltools.arm-none.win32_1.13.3.201707031232/tools/compiler/bin/../lib/gcc/arm-none-eabi/5.4.1/../../../../arm-none-eabi/lib/armv7-m\libc_nano.a
LOAD c:/dev_tools/ac6/systemworkbench/plugins/fr.ac6.mcu.externaltools.arm-none.win32_1.13.3.201707031232/tools/compiler/bin/../lib/gcc/arm-none-eabi/5.4.1/../../../../arm-none-eabi/lib/armv7-m\libnosys.a
END GROUP
LOAD c:/dev_tools/ac6/systemworkbench/plugins/fr.ac6.mcu.externaltools.arm-none.win32_1.13.3.201707031232/tools/compiler/bin/../lib/gcc/arm-none-eabi/5.4.1/armv7-m/crtend.o
LOAD c:/dev_tools/ac6/systemworkbench/plugins/fr.ac6.mcu.externaltools.arm-none.win32_1.13.3.201707031232/tools/compiler/bin/../lib/gcc/arm-none-eabi/5.4.1/armv7-m/crtn.o
                0x20005000                _estack = 0x20005000
                0x00000200                _Min_Heap_Size = 0x200
                0x00000400                _Min_Stack_Size = 0x400

.isr_vector     0x08000000      0x10c
                0x08000000                . = ALIGN (0x4)
 *(.isr_vector)
 .isr_vector    0x08000000      0x10c Application/SW4STM32/startup_stm32f103xb.o
                0x08000000                g_pfnVectors
                0x0800010c                . = ALIGN (0x4)

.text           0x0800010c     0x2890
                0x0800010c                . = ALIGN (0x4)
 *(.text)
 .text          0x0800010c       0x5c c:/dev_tools/ac6/systemworkbench/plugins/fr.ac6.mcu.externaltools.arm-none.win32_1.13.3.201707031232/tools/compiler/bin/../lib/gcc/arm-none-eabi/5.4.1/armv7-m/crtbegin.o
 *(.text*)
 .text.Reset_Handler
                0x08000168       0x48 Application/SW4STM32/startup_stm32f103xb.o
                0x08000168                Reset_Handler
 .text.Default_Handler
                0x080001b0        0x2 Application/SW4STM32/startup_stm32f103xb.o
                0x080001b0                RTC_Alarm_IRQHandler
                0x080001b0                EXTI2_IRQHandler
                0x080001b0                TIM1_CC_IRQHandler
                0x080001b0                PVD_IRQHandler
                0x080001b0                EXTI3_IRQHandler
                0x080001b0                EXTI0_IRQHandler
                0x080001b0                I2C2_EV_IRQHandler
                0x080001b0                ADC1_2_IRQHandler
                0x080001b0                SPI1_IRQHandler
                0x080001b0                TAMPER_IRQHandler
                0x080001b0                DMA1_Channel4_IRQHandler
                0x080001b0                USART3_IRQHandler
                0x080001b0                RTC_IRQHandler
                0x080001b0                DMA1_Channel7_IRQHandler
                0x080001b0                CAN1_RX1_IRQHandler
                0x080001b0                TIM4_IRQHandler
                0x080001b0                I2C1_EV_IRQHandler
                0x080001b0                DMA1_Channel6_IRQHandler
                0x080001b0                TIM3_IRQHandler
                0x080001b0                RCC_IRQHandler
                0x080001b0                TIM1_TRG_COM_IRQHandler
                0x080001b0                Default_Handler
                0x080001b0                EXTI15_10_IRQHandler
                0x080001b0                EXTI9_5_IRQHandler
                0x080001b0                SPI2_IRQHandler
                0x080001b0                DMA1_Channel5_IRQHandler
                0x080001b0                EXTI4_IRQHandler
                0x080001b0                USB_LP_CAN1_RX0_IRQHandler
                0x080001b0                USB_HP_CAN1_TX_IRQHandler
                0x080001b0                DMA1_Channel3_IRQHandler
                0x080001b0                TIM1_UP_IRQHandler
                0x080001b0                WWDG_IRQHandler
                0x080001b0                TIM2_IRQHandler
                0x080001b0                TIM1_BRK_IRQHandler
                0x080001b0                EXTI1_IRQHandler
                0x080001b0                USART2_IRQHandler
                0x080001b0                I2C2_ER_IRQHandler
                0x080001b0                DMA1_Channel2_IRQHandler
                0x080001b0                CAN1_SCE_IRQHandler
                0x080001b0                FLASH_IRQHandler
                0x080001b0                USART1_IRQHandler
                0x080001b0                I2C1_ER_IRQHandler
                0x080001b0                USBWakeUp_IRQHandler
 *fill*         0x080001b2        0x2 
 .text._ZN14Eeprom24C01_02C2Eh
                0x080001b4       0x20 Application/User/Eeprom24C01_02.o
                0x080001b4                Eeprom24C01_02::Eeprom24C01_02(unsigned char)
                0x080001b4                Eeprom24C01_02::Eeprom24C01_02(unsigned char)
 .text._ZN14Eeprom24C01_0210initializeEP17I2C_HandleTypeDef
                0x080001d4       0x1c Application/User/Eeprom24C01_02.o
                0x080001d4                Eeprom24C01_02::initialize(I2C_HandleTypeDef*)
 .text._ZN14Eeprom24C01_029writeByteEhh
                0x080001f0       0x38 Application/User/Eeprom24C01_02.o
                0x080001f0                Eeprom24C01_02::writeByte(unsigned char, unsigned char)
 .text._ZN14Eeprom24C01_028readByteEh
                0x08000228       0x3c Application/User/Eeprom24C01_02.o
                0x08000228                Eeprom24C01_02::readByte(unsigned char)
 .text._ZN8Channels17getSynthRegisterBEh
                0x08000264       0x20 Application/User/channels.o
                0x08000264                Channels::getSynthRegisterB(unsigned char)
 .text.main     0x08000284       0x8c Application/User/main.o
                0x08000284                main
 .text._Z18SystemClock_Configv
                0x08000310       0xd0 Application/User/main.o
                0x08000310                SystemClock_Config()
 .text._ZL12MX_ADC1_Initv
                0x080003e0       0xb0 Application/User/main.o
 .text._ZL12MX_I2C1_Initv
                0x08000490       0x68 Application/User/main.o
 .text._ZL12MX_I2C2_Initv
                0x080004f8       0x68 Application/User/main.o
 .text._ZL19MX_USART1_UART_Initv
                0x08000560       0x5c Application/User/main.o
 .text._ZL11MX_DMA_Initv
                0x080005bc       0x3c Application/User/main.o
 .text._ZL12MX_GPIO_Initv
                0x080005f8      0x114 Application/User/main.o
 .text._Z13Error_Handlerv
                0x0800070c        0x8 Application/User/main.o
                0x0800070c                Error_Handler()
 .text._ZN8Receiver10setChannelEh
                0x08000714       0x38 Application/User/receiver.o
                0x08000714                Receiver::setChannel(unsigned char)
 .text._Z41__static_initialization_and_destruction_0ii
                0x0800074c       0x58 Application/User/receiver.o
 .text._GLOBAL__sub_I__ZN8Receiver10rssiDMARawE
                0x080007a4       0x10 Application/User/receiver.o
 .text._ZL12DWT_Delay_usm
                0x080007b4       0x48 Application/User/receiver_spi.o
 .text._ZN11ReceiverSpi17setSynthRegisterBEt
                0x080007fc       0x1c Application/User/receiver_spi.o
                0x080007fc                ReceiverSpi::setSynthRegisterB(unsigned short)
 .text._ZL12sendRegisterhm
                0x08000818       0x38 Application/User/receiver_spi.o
 .text._ZL8sendBitsmh
                0x08000850       0x40 Application/User/receiver_spi.o
 .text._ZL7sendBith
                0x08000890       0x64 Application/User/receiver_spi.o
 .text._ZL15sendSlaveSelecth
                0x080008f4       0x48 Application/User/receiver_spi.o
 .text._Z41__static_initialization_and_destruction_0ii
                0x0800093c       0x3c Application/User/receiver_spi.o
 .text._GLOBAL__sub_I_DWT_Scale
                0x08000978       0x10 Application/User/receiver_spi.o
 .text._ZN5EERefC2Ei
                0x08000988       0x1c Application/User/settings_eeprom.o
                0x08000988                EERef::EERef(int)
                0x08000988                EERef::EERef(int)
 .text._ZNK5EERefdeEv
                0x080009a4       0x24 Application/User/settings_eeprom.o
                0x080009a4                EERef::operator*() const
 .text._ZNK5EERefcvKhEv
                0x080009c8       0x18 Application/User/settings_eeprom.o
                0x080009c8                EERef::operator unsigned char const() const
 .text._ZN5EERefaSEh
                0x080009e0       0x2c Application/User/settings_eeprom.o
                0x080009e0                EERef::operator=(unsigned char)
 .text._ZN5EERef6updateEh
                0x08000a0c       0x34 Application/User/settings_eeprom.o
                0x08000a0c                EERef::update(unsigned char)
 .text._ZN5EEPtrC2Ei
                0x08000a40       0x1c Application/User/settings_eeprom.o
                0x08000a40                EEPtr::EEPtr(int)
                0x08000a40                EEPtr::EEPtr(int)
 .text._ZN5EEPtrdeEv
                0x08000a5c       0x24 Application/User/settings_eeprom.o
                0x08000a5c                EEPtr::operator*()
 .text._ZN5EEPtrppEv
                0x08000a80       0x20 Application/User/settings_eeprom.o
                0x08000a80                EEPtr::operator++()
 .text._ZN14EepromSettings4initEP17I2C_HandleTypeDef
                0x08000aa0       0x20 Application/User/settings_eeprom.o
                0x08000aa0                EepromSettings::init(I2C_HandleTypeDef*)
 .text._ZN14EepromSettings4loadEv
                0x08000ac0       0x2c Application/User/settings_eeprom.o
                0x08000ac0                EepromSettings::load()
 .text._ZN14EepromSettings4saveEv
                0x08000aec       0x20 Application/User/settings_eeprom.o
                0x08000aec                EepromSettings::save()
 .text._ZN14EepromSettings12initDefaultsEv
                0x08000b0c       0x24 Application/User/settings_eeprom.o
                0x08000b0c                EepromSettings::initDefaults()
 .text._ZN11EEPROMClass3getI14EepromSettingsEERT_iS3_
                0x08000b30       0x64 Application/User/settings_eeprom.o
                0x08000b30                EepromSettings& EEPROMClass::get<EepromSettings>(int, EepromSettings&)
 .text._ZN11EEPROMClass3putI14EepromSettingsEERKT_iS4_
                0x08000b94       0x64 Application/User/settings_eeprom.o
                0x08000b94                EepromSettings const& EEPROMClass::put<EepromSettings>(int, EepromSettings const&)
 .text._Z41__static_initialization_and_destruction_0ii
                0x08000bf8       0x3c Application/User/settings_eeprom.o
 .text._GLOBAL__sub_I_EepromSettings
                0x08000c34       0x10 Application/User/settings_eeprom.o
 .text.HAL_MspInit
                0x08000c44       0x98 Application/User/stm32f1xx_hal_msp.o
                0x08000c44                HAL_MspInit
 .text.HAL_ADC_MspInit
                0x08000cdc       0xb4 Application/User/stm32f1xx_hal_msp.o
                0x08000cdc                HAL_ADC_MspInit
 .text.HAL_I2C_MspInit
                0x08000d90       0x98 Application/User/stm32f1xx_hal_msp.o
                0x08000d90                HAL_I2C_MspInit
 .text.HAL_UART_MspInit
                0x08000e28       0x74 Application/User/stm32f1xx_hal_msp.o
                0x08000e28                HAL_UART_MspInit
 .text.NMI_Handler
                0x08000e9c        0xc Application/User/stm32f1xx_it.o
                0x08000e9c                NMI_Handler
 .text.HardFault_Handler
                0x08000ea8        0x8 Application/User/stm32f1xx_it.o
                0x08000ea8                HardFault_Handler
 .text.MemManage_Handler
                0x08000eb0        0x8 Application/User/stm32f1xx_it.o
                0x08000eb0                MemManage_Handler
 .text.BusFault_Handler
                0x08000eb8        0x8 Application/User/stm32f1xx_it.o
                0x08000eb8                BusFault_Handler
 .text.UsageFault_Handler
                0x08000ec0        0x8 Application/User/stm32f1xx_it.o
                0x08000ec0                UsageFault_Handler
 .text.SVC_Handler
                0x08000ec8        0xc Application/User/stm32f1xx_it.o
                0x08000ec8                SVC_Handler
 .text.DebugMon_Handler
                0x08000ed4        0xc Application/User/stm32f1xx_it.o
                0x08000ed4                DebugMon_Handler
 .text.PendSV_Handler
                0x08000ee0        0xc Application/User/stm32f1xx_it.o
                0x08000ee0                PendSV_Handler
 .text.SysTick_Handler
                0x08000eec       0x10 Application/User/stm32f1xx_it.o
                0x08000eec                SysTick_Handler
 .text.DMA1_Channel1_IRQHandler
                0x08000efc       0x14 Application/User/stm32f1xx_it.o
                0x08000efc                DMA1_Channel1_IRQHandler
 .text._ZN5TimerC2Et
                0x08000f10       0x34 Application/User/timer.o
                0x08000f10                Timer::Timer(unsigned short)
                0x08000f10                Timer::Timer(unsigned short)
 .text._ZN5Timer5resetEv
                0x08000f44       0x28 Application/User/timer.o
                0x08000f44                Timer::reset()
 .text.SystemInit
                0x08000f6c       0x4c Drivers/CMSIS/system_stm32f1xx.o
                0x08000f6c                SystemInit
 .text.HAL_InitTick
                0x08000fb8       0x24 Drivers/STM32F1xx_HAL_Driver/stm32f1xx_hal.o
                0x08000fb8                HAL_InitTick
 .text.HAL_Init
                0x08000fdc       0x24 Drivers/STM32F1xx_HAL_Driver/stm32f1xx_hal.o
                0x08000fdc                HAL_Init
 .text.HAL_IncTick
                0x08001000       0x10 Drivers/STM32F1xx_HAL_Driver/stm32f1xx_hal.o
                0x08001000                HAL_IncTick
 .text.HAL_GetTick
                0x08001010        0xc Drivers/STM32F1xx_HAL_Driver/stm32f1xx_hal.o
                0x08001010                HAL_GetTick
 .text.HAL_Delay
                0x0800101c       0x1a Drivers/STM32F1xx_HAL_Driver/stm32f1xx_hal.o
                0x0800101c                HAL_Delay
 *fill*         0x08001036        0x2 
 .text.HAL_ADC_ConfigChannel
                0x08001038      0x180 Drivers/STM32F1xx_HAL_Driver/stm32f1xx_hal_adc.o
                0x08001038                HAL_ADC_ConfigChannel
 .text.ADC_ConversionStop_Disable
                0x080011b8       0x44 Drivers/STM32F1xx_HAL_Driver/stm32f1xx_hal_adc.o
                0x080011b8                ADC_ConversionStop_Disable
 .text.HAL_ADC_Init
                0x080011fc      0x128 Drivers/STM32F1xx_HAL_Driver/stm32f1xx_hal_adc.o
                0x080011fc                HAL_ADC_Init
 .text.HAL_NVIC_SetPriorityGrouping
                0x08001324       0x24 Drivers/STM32F1xx_HAL_Driver/stm32f1xx_hal_cortex.o
                0x08001324                HAL_NVIC_SetPriorityGrouping
 .text.HAL_NVIC_SetPriority
                0x08001348       0x68 Drivers/STM32F1xx_HAL_Driver/stm32f1xx_hal_cortex.o
                0x08001348                HAL_NVIC_SetPriority
 .text.HAL_NVIC_EnableIRQ
                0x080013b0       0x18 Drivers/STM32F1xx_HAL_Driver/stm32f1xx_hal_cortex.o
                0x080013b0                HAL_NVIC_EnableIRQ
 .text.HAL_SYSTICK_Config
                0x080013c8       0x2c Drivers/STM32F1xx_HAL_Driver/stm32f1xx_hal_cortex.o
                0x080013c8                HAL_SYSTICK_Config
 .text.HAL_SYSTICK_CLKSourceConfig
                0x080013f4       0x18 Drivers/STM32F1xx_HAL_Driver/stm32f1xx_hal_cortex.o
                0x080013f4                HAL_SYSTICK_CLKSourceConfig
 .text.HAL_SYSTICK_Callback
                0x0800140c        0x2 Drivers/STM32F1xx_HAL_Driver/stm32f1xx_hal_cortex.o
                0x0800140c                HAL_SYSTICK_Callback
 .text.HAL_SYSTICK_IRQHandler
                0x0800140e        0x8 Drivers/STM32F1xx_HAL_Driver/stm32f1xx_hal_cortex.o
                0x0800140e                HAL_SYSTICK_IRQHandler
 .text.HAL_DMA_Init
                0x08001416       0x4a Drivers/STM32F1xx_HAL_Driver/stm32f1xx_hal_dma.o
                0x08001416                HAL_DMA_Init
 .text.HAL_DMA_IRQHandler
                0x08001460      0x254 Drivers/STM32F1xx_HAL_Driver/stm32f1xx_hal_dma.o
                0x08001460                HAL_DMA_IRQHandler
 .text.HAL_GPIO_Init
                0x080016b4      0x1b0 Drivers/STM32F1xx_HAL_Driver/stm32f1xx_hal_gpio.o
                0x080016b4                HAL_GPIO_Init
 .text.HAL_GPIO_WritePin
                0x08001864        0x8 Drivers/STM32F1xx_HAL_Driver/stm32f1xx_hal_gpio.o
                0x08001864                HAL_GPIO_WritePin
 .text.I2C_IsAcknowledgeFailed
                0x0800186c       0x2a Drivers/STM32F1xx_HAL_Driver/stm32f1xx_hal_i2c.o
 .text.I2C_WaitOnFlagUntilTimeout
                0x08001896       0x96 Drivers/STM32F1xx_HAL_Driver/stm32f1xx_hal_i2c.o
 .text.I2C_WaitOnMasterAddressFlagUntilTimeout
                0x0800192c       0x82 Drivers/STM32F1xx_HAL_Driver/stm32f1xx_hal_i2c.o
 .text.I2C_WaitOnTXEFlagUntilTimeout
                0x080019ae       0x4e Drivers/STM32F1xx_HAL_Driver/stm32f1xx_hal_i2c.o
 .text.I2C_RequestMemoryWrite
                0x080019fc       0x90 Drivers/STM32F1xx_HAL_Driver/stm32f1xx_hal_i2c.o
 .text.I2C_RequestMemoryRead
                0x08001a8c       0xd8 Drivers/STM32F1xx_HAL_Driver/stm32f1xx_hal_i2c.o
 .text.I2C_WaitOnRXNEFlagUntilTimeout
                0x08001b64       0x5e Drivers/STM32F1xx_HAL_Driver/stm32f1xx_hal_i2c.o
 *fill*         0x08001bc2        0x2 
 .text.HAL_I2C_Init
                0x08001bc4       0xd4 Drivers/STM32F1xx_HAL_Driver/stm32f1xx_hal_i2c.o
                0x08001bc4                HAL_I2C_Init
 .text.HAL_I2C_Mem_Write
                0x08001c98       0xf4 Drivers/STM32F1xx_HAL_Driver/stm32f1xx_hal_i2c.o
                0x08001c98                HAL_I2C_Mem_Write
 .text.HAL_I2C_Mem_Read
                0x08001d8c      0x1d4 Drivers/STM32F1xx_HAL_Driver/stm32f1xx_hal_i2c.o
                0x08001d8c                HAL_I2C_Mem_Read
 .text.HAL_RCC_OscConfig
                0x08001f60      0x4c0 Drivers/STM32F1xx_HAL_Driver/stm32f1xx_hal_rcc.o
                0x08001f60                HAL_RCC_OscConfig
 .text.HAL_RCC_GetSysClockFreq
                0x08002420       0x90 Drivers/STM32F1xx_HAL_Driver/stm32f1xx_hal_rcc.o
                0x08002420                HAL_RCC_GetSysClockFreq
 .text.HAL_RCC_ClockConfig
                0x080024b0      0x164 Drivers/STM32F1xx_HAL_Driver/stm32f1xx_hal_rcc.o
                0x080024b0                HAL_RCC_ClockConfig
 .text.HAL_RCC_GetHCLKFreq
                0x08002614        0xc Drivers/STM32F1xx_HAL_Driver/stm32f1xx_hal_rcc.o
                0x08002614                HAL_RCC_GetHCLKFreq
 .text.HAL_RCC_GetPCLK1Freq
                0x08002620       0x30 Drivers/STM32F1xx_HAL_Driver/stm32f1xx_hal_rcc.o
                0x08002620                HAL_RCC_GetPCLK1Freq
 .text.HAL_RCC_GetPCLK2Freq
                0x08002650       0x30 Drivers/STM32F1xx_HAL_Driver/stm32f1xx_hal_rcc.o
                0x08002650                HAL_RCC_GetPCLK2Freq
 .text.HAL_RCCEx_PeriphCLKConfig
                0x08002680      0x114 Drivers/STM32F1xx_HAL_Driver/stm32f1xx_hal_rcc_ex.o
                0x08002680                HAL_RCCEx_PeriphCLKConfig
 .text.UART_SetConfig
                0x08002794      0x134 Drivers/STM32F1xx_HAL_Driver/stm32f1xx_hal_uart.o
 .text.HAL_UART_Init
                0x080028c8       0x58 Drivers/STM32F1xx_HAL_Driver/stm32f1xx_hal_uart.o
                0x080028c8                HAL_UART_Init
 .text.__libc_init_array
                0x08002920       0x4c c:/dev_tools/ac6/systemworkbench/plugins/fr.ac6.mcu.externaltools.arm-none.win32_1.13.3.201707031232/tools/compiler/bin/../lib/gcc/arm-none-eabi/5.4.1/../../../../arm-none-eabi/lib/armv7-m\libc_nano.a(lib_a-init.o)
                0x08002920                __libc_init_array
 .text.memcpy   0x0800296c       0x16 c:/dev_tools/ac6/systemworkbench/plugins/fr.ac6.mcu.externaltools.arm-none.win32_1.13.3.201707031232/tools/compiler/bin/../lib/gcc/arm-none-eabi/5.4.1/../../../../arm-none-eabi/lib/armv7-m\libc_nano.a(lib_a-memcpy-stub.o)
                0x0800296c                memcpy
 *(.glue_7)
 .glue_7        0x08002982        0x0 linker stubs
 *(.glue_7t)
 .glue_7t       0x08002982        0x0 linker stubs
 *(.eh_frame)
 *fill*         0x08002982        0x2 
 .eh_frame      0x08002984        0x0 c:/dev_tools/ac6/systemworkbench/plugins/fr.ac6.mcu.externaltools.arm-none.win32_1.13.3.201707031232/tools/compiler/bin/../lib/gcc/arm-none-eabi/5.4.1/armv7-m/crtbegin.o
 *(.init)
 .init          0x08002984        0x4 c:/dev_tools/ac6/systemworkbench/plugins/fr.ac6.mcu.externaltools.arm-none.win32_1.13.3.201707031232/tools/compiler/bin/../lib/gcc/arm-none-eabi/5.4.1/armv7-m/crti.o
                0x08002984                _init
 .init          0x08002988        0x8 c:/dev_tools/ac6/systemworkbench/plugins/fr.ac6.mcu.externaltools.arm-none.win32_1.13.3.201707031232/tools/compiler/bin/../lib/gcc/arm-none-eabi/5.4.1/armv7-m/crtn.o
 *(.fini)
 .fini          0x08002990        0x4 c:/dev_tools/ac6/systemworkbench/plugins/fr.ac6.mcu.externaltools.arm-none.win32_1.13.3.201707031232/tools/compiler/bin/../lib/gcc/arm-none-eabi/5.4.1/armv7-m/crti.o
                0x08002990                _fini
 .fini          0x08002994        0x8 c:/dev_tools/ac6/systemworkbench/plugins/fr.ac6.mcu.externaltools.arm-none.win32_1.13.3.201707031232/tools/compiler/bin/../lib/gcc/arm-none-eabi/5.4.1/armv7-m/crtn.o
                0x0800299c                . = ALIGN (0x4)
                0x0800299c                _etext = .

.vfp11_veneer   0x0800299c        0x0
 .vfp11_veneer  0x0800299c        0x0 linker stubs

.v4_bx          0x0800299c        0x0
 .v4_bx         0x0800299c        0x0 linker stubs

.iplt           0x0800299c        0x0
 .iplt          0x0800299c        0x0 c:/dev_tools/ac6/systemworkbench/plugins/fr.ac6.mcu.externaltools.arm-none.win32_1.13.3.201707031232/tools/compiler/bin/../lib/gcc/arm-none-eabi/5.4.1/armv7-m/crtbegin.o

.rodata         0x0800299c      0x158
                0x0800299c                . = ALIGN (0x4)
 *(.rodata)
 .rodata        0x0800299c      0x118 Application/User/channels.o
 .rodata        0x08002ab4       0x14 Application/User/settings_eeprom.o
 .rodata        0x08002ac8       0x18 Drivers/CMSIS/system_stm32f1xx.o
                0x08002ac8                AHBPrescTable
                0x08002ad8                APBPrescTable
 .rodata        0x08002ae0       0x12 Drivers/STM32F1xx_HAL_Driver/stm32f1xx_hal_rcc.o
 *(.rodata*)
                0x08002af4                . = ALIGN (0x4)
 *fill*         0x08002af2        0x2 

.rel.dyn        0x08002af4        0x0
 .rel.iplt      0x08002af4        0x0 c:/dev_tools/ac6/systemworkbench/plugins/fr.ac6.mcu.externaltools.arm-none.win32_1.13.3.201707031232/tools/compiler/bin/../lib/gcc/arm-none-eabi/5.4.1/armv7-m/crtbegin.o

.ARM.extab
 *(.ARM.extab* .gnu.linkonce.armextab.*)

.ARM            0x08002af4        0x0
                0x08002af4                __exidx_start = .
 *(.ARM.exidx*)
                0x08002af4                __exidx_end = .

.preinit_array  0x08002af4        0x0
                0x08002af4                PROVIDE (__preinit_array_start, .)
 *(.preinit_array*)
                0x08002af4                PROVIDE (__preinit_array_end, .)

.init_array     0x08002af4       0x10
                0x08002af4                PROVIDE (__init_array_start, .)
 *(SORT(.init_array.*))
 *(.init_array*)
 .init_array    0x08002af4        0x4 c:/dev_tools/ac6/systemworkbench/plugins/fr.ac6.mcu.externaltools.arm-none.win32_1.13.3.201707031232/tools/compiler/bin/../lib/gcc/arm-none-eabi/5.4.1/armv7-m/crtbegin.o
 .init_array    0x08002af8        0x4 Application/User/receiver.o
 .init_array    0x08002afc        0x4 Application/User/receiver_spi.o
 .init_array    0x08002b00        0x4 Application/User/settings_eeprom.o
                0x08002b04                PROVIDE (__init_array_end, .)

.fini_array     0x08002b04        0x4
                [!provide]                PROVIDE (__fini_array_start, .)
 *(SORT(.fini_array.*))
 *(.fini_array*)
 .fini_array    0x08002b04        0x4 c:/dev_tools/ac6/systemworkbench/plugins/fr.ac6.mcu.externaltools.arm-none.win32_1.13.3.201707031232/tools/compiler/bin/../lib/gcc/arm-none-eabi/5.4.1/armv7-m/crtbegin.o
                [!provide]                PROVIDE (__fini_array_end, .)
                0x08002b08                _sidata = LOADADDR (.data)

.data           0x20000000        0x4 load address 0x08002b08
                0x20000000                . = ALIGN (0x4)
                0x20000000                _sdata = .
 *(.data)
 .data          0x20000000        0x4 Drivers/CMSIS/system_stm32f1xx.o
                0x20000000                SystemCoreClock
 *(.data*)
                0x20000004                . = ALIGN (0x4)
                0x20000004                _edata = .

.jcr            0x20000004        0x0 load address 0x08002b0c
 .jcr           0x20000004        0x0 c:/dev_tools/ac6/systemworkbench/plugins/fr.ac6.mcu.externaltools.arm-none.win32_1.13.3.201707031232/tools/compiler/bin/../lib/gcc/arm-none-eabi/5.4.1/armv7-m/crtbegin.o

.igot.plt       0x20000004        0x0 load address 0x08002b0c
 .igot.plt      0x20000004        0x0 c:/dev_tools/ac6/systemworkbench/plugins/fr.ac6.mcu.externaltools.arm-none.win32_1.13.3.201707031232/tools/compiler/bin/../lib/gcc/arm-none-eabi/5.4.1/armv7-m/crtbegin.o
                0x20000004                . = ALIGN (0x4)

.bss            0x20000004      0x1d0 load address 0x08002b0c
                0x20000004                _sbss = .
                0x20000004                __bss_start__ = _sbss
 *(.bss)
 .bss           0x20000004       0x1c c:/dev_tools/ac6/systemworkbench/plugins/fr.ac6.mcu.externaltools.arm-none.win32_1.13.3.201707031232/tools/compiler/bin/../lib/gcc/arm-none-eabi/5.4.1/armv7-m/crtbegin.o
 .bss           0x20000020      0x120 Application/User/main.o
                0x20000020                hadc1
                0x20000050                hdma_adc1
                0x20000088                hi2c1
                0x200000c4                hi2c2
                0x20000100                huart1
 .bss           0x20000140       0x60 Application/User/receiver.o
                0x20000140                Receiver::rssiDMARaw
                0x20000148                Receiver::activeReceiver
                0x20000149                Receiver::activeChannel
                0x2000014a                Receiver::rssiA
                0x2000014c                Receiver::rssiARaw
                0x20000150                Receiver::rssiALast
                0x20000168                Receiver::rssiB
                0x2000016a                Receiver::rssiBRaw
                0x2000016c                Receiver::rssiBLast
                0x20000184                Receiver::diversityTargetReceiver
                0x20000188                Receiver::diversityHysteresisTimer
 .bss           0x200001a0        0x4 Application/User/receiver_spi.o
                0x200001a0                DWT_Scale
 .bss           0x200001a4       0x29 Application/User/settings_eeprom.o
                0x200001b0                EepromSettings
                0x200001c4                eep
 *fill*         0x200001cd        0x3 
 .bss           0x200001d0        0x4 Drivers/STM32F1xx_HAL_Driver/stm32f1xx_hal.o
 *(.bss*)
 *(COMMON)
                0x200001d4                . = ALIGN (0x4)
                0x200001d4                _ebss = .
                0x200001d4                __bss_end__ = _ebss

._user_heap_stack
                0x200001d4      0x604 load address 0x08002b0c
                0x200001d8                . = ALIGN (0x8)
 *fill*         0x200001d4        0x4 
                0x200001d8                PROVIDE (end, .)
                [!provide]                PROVIDE (_end, .)
                0x200003d8                . = (. + _Min_Heap_Size)
 *fill*         0x200001d8      0x200 
                0x200007d8                . = (. + _Min_Stack_Size)
 *fill*         0x200003d8      0x400 
                0x200007d8                . = ALIGN (0x8)

/DISCARD/
 libc.a(*)
 libm.a(*)
 libgcc.a(*)

.ARM.attributes
                0x00000000       0x29
 *(.ARM.attributes)
 .ARM.attributes
                0x00000000       0x1d c:/dev_tools/ac6/systemworkbench/plugins/fr.ac6.mcu.externaltools.arm-none.win32_1.13.3.201707031232/tools/compiler/bin/../lib/gcc/arm-none-eabi/5.4.1/armv7-m/crti.o
 .ARM.attributes
                0x0000001d       0x2d c:/dev_tools/ac6/systemworkbench/plugins/fr.ac6.mcu.externaltools.arm-none.win32_1.13.3.201707031232/tools/compiler/bin/../lib/gcc/arm-none-eabi/5.4.1/armv7-m/crtbegin.o
 .ARM.attributes
                0x0000004a       0x21 Application/SW4STM32/startup_stm32f103xb.o
 .ARM.attributes
                0x0000006b       0x33 Application/User/Eeprom24C01_02.o
 .ARM.attributes
                0x0000009e       0x33 Application/User/channels.o
 .ARM.attributes
                0x000000d1       0x33 Application/User/main.o
 .ARM.attributes
                0x00000104       0x33 Application/User/receiver.o
 .ARM.attributes
                0x00000137       0x33 Application/User/receiver_spi.o
 .ARM.attributes
                0x0000016a       0x33 Application/User/settings_eeprom.o
 .ARM.attributes
                0x0000019d       0x33 Application/User/stm32f1xx_hal_msp.o
 .ARM.attributes
                0x000001d0       0x33 Application/User/stm32f1xx_it.o
 .ARM.attributes
                0x00000203       0x33 Application/User/timer.o
 .ARM.attributes
                0x00000236       0x33 Drivers/CMSIS/system_stm32f1xx.o
 .ARM.attributes
                0x00000269       0x33 Drivers/STM32F1xx_HAL_Driver/stm32f1xx_hal.o
 .ARM.attributes
                0x0000029c       0x33 Drivers/STM32F1xx_HAL_Driver/stm32f1xx_hal_adc.o
 .ARM.attributes
                0x000002cf       0x33 Drivers/STM32F1xx_HAL_Driver/stm32f1xx_hal_cortex.o
 .ARM.attributes
                0x00000302       0x33 Drivers/STM32F1xx_HAL_Driver/stm32f1xx_hal_dma.o
 .ARM.attributes
                0x00000335       0x33 Drivers/STM32F1xx_HAL_Driver/stm32f1xx_hal_gpio.o
 .ARM.attributes
                0x00000368       0x33 Drivers/STM32F1xx_HAL_Driver/stm32f1xx_hal_i2c.o
 .ARM.attributes
                0x0000039b       0x33 Drivers/STM32F1xx_HAL_Driver/stm32f1xx_hal_rcc.o
 .ARM.attributes
                0x000003ce       0x33 Drivers/STM32F1xx_HAL_Driver/stm32f1xx_hal_rcc_ex.o
 .ARM.attributes
                0x00000401       0x33 Drivers/STM32F1xx_HAL_Driver/stm32f1xx_hal_uart.o
 .ARM.attributes
                0x00000434       0x2d c:/dev_tools/ac6/systemworkbench/plugins/fr.ac6.mcu.externaltools.arm-none.win32_1.13.3.201707031232/tools/compiler/bin/../lib/gcc/arm-none-eabi/5.4.1/../../../../arm-none-eabi/lib/armv7-m\libc_nano.a(lib_a-init.o)
 .ARM.attributes
                0x00000461       0x2d c:/dev_tools/ac6/systemworkbench/plugins/fr.ac6.mcu.externaltools.arm-none.win32_1.13.3.201707031232/tools/compiler/bin/../lib/gcc/arm-none-eabi/5.4.1/../../../../arm-none-eabi/lib/armv7-m\libc_nano.a(lib_a-memcpy-stub.o)
 .ARM.attributes
                0x0000048e       0x1d c:/dev_tools/ac6/systemworkbench/plugins/fr.ac6.mcu.externaltools.arm-none.win32_1.13.3.201707031232/tools/compiler/bin/../lib/gcc/arm-none-eabi/5.4.1/armv7-m/crtn.o
OUTPUT(OpenPRO58.elf elf32-littlearm)

.debug_line     0x00000000     0xc510
 .debug_line    0x00000000       0xd6 Application/SW4STM32/startup_stm32f103xb.o
 .debug_line    0x000000d6      0x886 Application/User/Eeprom24C01_02.o
 .debug_line    0x0000095c      0x3b4 Application/User/channels.o
 .debug_line    0x00000d10      0x8b9 Application/User/main.o
 .debug_line    0x000015c9      0x969 Application/User/receiver.o
 .debug_line    0x00001f32      0x8c9 Application/User/receiver_spi.o
 .debug_line    0x000027fb      0x96c Application/User/settings_eeprom.o
 .debug_line    0x00003167      0x826 Application/User/stm32f1xx_hal_msp.o
 .debug_line    0x0000398d      0x82e Application/User/stm32f1xx_it.o
 .debug_line    0x000041bb      0x79d Application/User/timer.o
 .debug_line    0x00004958      0x82f Drivers/CMSIS/system_stm32f1xx.o
 .debug_line    0x00005187      0x939 Drivers/STM32F1xx_HAL_Driver/stm32f1xx_hal.o
 .debug_line    0x00005ac0      0xd95 Drivers/STM32F1xx_HAL_Driver/stm32f1xx_hal_adc.o
 .debug_line    0x00006855      0x9aa Drivers/STM32F1xx_HAL_Driver/stm32f1xx_hal_cortex.o
 .debug_line    0x000071ff      0xc53 Drivers/STM32F1xx_HAL_Driver/stm32f1xx_hal_dma.o
 .debug_line    0x00007e52      0x970 Drivers/STM32F1xx_HAL_Driver/stm32f1xx_hal_gpio.o
 .debug_line    0x000087c2     0x17f9 Drivers/STM32F1xx_HAL_Driver/stm32f1xx_hal_i2c.o
 .debug_line    0x00009fbb      0xd10 Drivers/STM32F1xx_HAL_Driver/stm32f1xx_hal_rcc.o
 .debug_line    0x0000accb      0x91d Drivers/STM32F1xx_HAL_Driver/stm32f1xx_hal_rcc_ex.o
 .debug_line    0x0000b5e8      0xf28 Drivers/STM32F1xx_HAL_Driver/stm32f1xx_hal_uart.o

.debug_info     0x00000000     0xde55
 .debug_info    0x00000000       0xe4 Application/SW4STM32/startup_stm32f103xb.o
 .debug_info    0x000000e4      0xa20 Application/User/Eeprom24C01_02.o
 .debug_info    0x00000b04      0x2c0 Application/User/channels.o
 .debug_info    0x00000dc4     0x11e2 Application/User/main.o
 .debug_info    0x00001fa6      0xe7b Application/User/receiver.o
 .debug_info    0x00002e21      0x52f Application/User/receiver_spi.o
 .debug_info    0x00003350     0x1348 Application/User/settings_eeprom.o
 .debug_info    0x00004698      0xdbf Application/User/stm32f1xx_hal_msp.o
 .debug_info    0x00005457      0x346 Application/User/stm32f1xx_it.o
 .debug_info    0x0000579d      0x219 Application/User/timer.o
 .debug_info    0x000059b6      0x3eb Drivers/CMSIS/system_stm32f1xx.o
 .debug_info    0x00005da1      0x68a Drivers/STM32F1xx_HAL_Driver/stm32f1xx_hal.o
 .debug_info    0x0000642b      0xf9d Drivers/STM32F1xx_HAL_Driver/stm32f1xx_hal_adc.o
 .debug_info    0x000073c8      0xc25 Drivers/STM32F1xx_HAL_Driver/stm32f1xx_hal_cortex.o
 .debug_info    0x00007fed      0x64b Drivers/STM32F1xx_HAL_Driver/stm32f1xx_hal_dma.o
 .debug_info    0x00008638      0x60f Drivers/STM32F1xx_HAL_Driver/stm32f1xx_hal_gpio.o
 .debug_info    0x00008c47     0x2a4c Drivers/STM32F1xx_HAL_Driver/stm32f1xx_hal_i2c.o
 .debug_info    0x0000b693     0x1244 Drivers/STM32F1xx_HAL_Driver/stm32f1xx_hal_rcc.o
 .debug_info    0x0000c8d7      0x57b Drivers/STM32F1xx_HAL_Driver/stm32f1xx_hal_rcc_ex.o
 .debug_info    0x0000ce52     0x1003 Drivers/STM32F1xx_HAL_Driver/stm32f1xx_hal_uart.o

.debug_abbrev   0x00000000     0x298a
 .debug_abbrev  0x00000000       0x12 Application/SW4STM32/startup_stm32f103xb.o
 .debug_abbrev  0x00000012      0x285 Application/User/Eeprom24C01_02.o
 .debug_abbrev  0x00000297       0xde Application/User/channels.o
 .debug_abbrev  0x00000375      0x28e Application/User/main.o
 .debug_abbrev  0x00000603      0x2da Application/User/receiver.o
 .debug_abbrev  0x000008dd      0x1b2 Application/User/receiver_spi.o
 .debug_abbrev  0x00000a8f      0x363 Application/User/settings_eeprom.o
 .debug_abbrev  0x00000df2      0x1a4 Application/User/stm32f1xx_hal_msp.o
 .debug_abbrev  0x00000f96      0x135 Application/User/stm32f1xx_it.o
 .debug_abbrev  0x000010cb      0x132 Application/User/timer.o
 .debug_abbrev  0x000011fd      0x125 Drivers/CMSIS/system_stm32f1xx.o
 .debug_abbrev  0x00001322      0x231 Drivers/STM32F1xx_HAL_Driver/stm32f1xx_hal.o
 .debug_abbrev  0x00001553      0x2c2 Drivers/STM32F1xx_HAL_Driver/stm32f1xx_hal_adc.o
 .debug_abbrev  0x00001815      0x2f1 Drivers/STM32F1xx_HAL_Driver/stm32f1xx_hal_cortex.o
 .debug_abbrev  0x00001b06      0x208 Drivers/STM32F1xx_HAL_Driver/stm32f1xx_hal_dma.o
 .debug_abbrev  0x00001d0e      0x1cb Drivers/STM32F1xx_HAL_Driver/stm32f1xx_hal_gpio.o
 .debug_abbrev  0x00001ed9      0x2fa Drivers/STM32F1xx_HAL_Driver/stm32f1xx_hal_i2c.o
 .debug_abbrev  0x000021d3      0x2c2 Drivers/STM32F1xx_HAL_Driver/stm32f1xx_hal_rcc.o
 .debug_abbrev  0x00002495      0x22d Drivers/STM32F1xx_HAL_Driver/stm32f1xx_hal_rcc_ex.o
 .debug_abbrev  0x000026c2      0x2c8 Drivers/STM32F1xx_HAL_Driver/stm32f1xx_hal_uart.o

.debug_aranges  0x00000000      0x998
 .debug_aranges
                0x00000000       0x28 Application/SW4STM32/startup_stm32f103xb.o
 .debug_aranges
                0x00000028       0x60 Application/User/Eeprom24C01_02.o
 .debug_aranges
                0x00000088       0x40 Application/User/channels.o
 .debug_aranges
                0x000000c8       0x60 Application/User/main.o
 .debug_aranges
                0x00000128       0x70 Application/User/receiver.o
 .debug_aranges
                0x00000198       0x60 Application/User/receiver_spi.o
 .debug_aranges
                0x000001f8       0xa8 Application/User/settings_eeprom.o
 .debug_aranges
                0x000002a0       0x50 Application/User/stm32f1xx_hal_msp.o
 .debug_aranges
                0x000002f0       0x68 Application/User/stm32f1xx_it.o
 .debug_aranges
                0x00000358       0x30 Application/User/timer.o
 .debug_aranges
                0x00000388       0x28 Drivers/CMSIS/system_stm32f1xx.o
 .debug_aranges
                0x000003b0       0xa8 Drivers/STM32F1xx_HAL_Driver/stm32f1xx_hal.o
 .debug_aranges
                0x00000458       0xc8 Drivers/STM32F1xx_HAL_Driver/stm32f1xx_hal_adc.o
 .debug_aranges
                0x00000520       0x90 Drivers/STM32F1xx_HAL_Driver/stm32f1xx_hal_cortex.o
 .debug_aranges
                0x000005b0       0x60 Drivers/STM32F1xx_HAL_Driver/stm32f1xx_hal_dma.o
 .debug_aranges
                0x00000610       0x58 Drivers/STM32F1xx_HAL_Driver/stm32f1xx_hal_gpio.o
 .debug_aranges
                0x00000668      0x170 Drivers/STM32F1xx_HAL_Driver/stm32f1xx_hal_i2c.o
 .debug_aranges
                0x000007d8       0x88 Drivers/STM32F1xx_HAL_Driver/stm32f1xx_hal_rcc.o
 .debug_aranges
                0x00000860       0x30 Drivers/STM32F1xx_HAL_Driver/stm32f1xx_hal_rcc_ex.o
 .debug_aranges
                0x00000890      0x108 Drivers/STM32F1xx_HAL_Driver/stm32f1xx_hal_uart.o

.debug_ranges   0x00000000      0xbc8
 .debug_ranges  0x00000000       0x20 Application/SW4STM32/startup_stm32f103xb.o
 .debug_ranges  0x00000020       0x50 Application/User/Eeprom24C01_02.o
 .debug_ranges  0x00000070       0x30 Application/User/channels.o
 .debug_ranges  0x000000a0       0x50 Application/User/main.o
 .debug_ranges  0x000000f0       0x60 Application/User/receiver.o
 .debug_ranges  0x00000150       0x50 Application/User/receiver_spi.o
 .debug_ranges  0x000001a0       0x98 Application/User/settings_eeprom.o
 .debug_ranges  0x00000238       0x40 Application/User/stm32f1xx_hal_msp.o
 .debug_ranges  0x00000278       0x58 Application/User/stm32f1xx_it.o
 .debug_ranges  0x000002d0       0x20 Application/User/timer.o
 .debug_ranges  0x000002f0       0x18 Drivers/CMSIS/system_stm32f1xx.o
 .debug_ranges  0x00000308       0x98 Drivers/STM32F1xx_HAL_Driver/stm32f1xx_hal.o
 .debug_ranges  0x000003a0       0xb8 Drivers/STM32F1xx_HAL_Driver/stm32f1xx_hal_adc.o
 .debug_ranges  0x00000458      0x130 Drivers/STM32F1xx_HAL_Driver/stm32f1xx_hal_cortex.o
 .debug_ranges  0x00000588       0x80 Drivers/STM32F1xx_HAL_Driver/stm32f1xx_hal_dma.o
 .debug_ranges  0x00000608       0x68 Drivers/STM32F1xx_HAL_Driver/stm32f1xx_hal_gpio.o
 .debug_ranges  0x00000670      0x298 Drivers/STM32F1xx_HAL_Driver/stm32f1xx_hal_i2c.o
 .debug_ranges  0x00000908      0x148 Drivers/STM32F1xx_HAL_Driver/stm32f1xx_hal_rcc.o
 .debug_ranges  0x00000a50       0x68 Drivers/STM32F1xx_HAL_Driver/stm32f1xx_hal_rcc_ex.o
 .debug_ranges  0x00000ab8      0x110 Drivers/STM32F1xx_HAL_Driver/stm32f1xx_hal_uart.o

.debug_macro    0x00000000     0x58fc
 .debug_macro   0x00000000      0x2b1 Application/User/Eeprom24C01_02.o
 .debug_macro   0x000002b1       0x10 Application/User/Eeprom24C01_02.o
 .debug_macro   0x000002c1       0x34 Application/User/Eeprom24C01_02.o
 .debug_macro   0x000002f5       0xcd Application/User/channels.o
 .debug_macro   0x000003c2       0x58 Application/User/channels.o
 .debug_macro   0x0000041a      0x2b5 Application/User/main.o
 .debug_macro   0x000006cf       0x28 Application/User/main.o
 .debug_macro   0x000006f7       0x16 Application/User/main.o
 .debug_macro   0x0000070d      0x2e6 Application/User/receiver.o
 .debug_macro   0x000009f3       0x10 Application/User/receiver.o
 .debug_macro   0x00000a03      0x2b2 Application/User/receiver_spi.o
 .debug_macro   0x00000cb5       0x10 Application/User/receiver_spi.o
 .debug_macro   0x00000cc5      0x304 Application/User/settings_eeprom.o
 .debug_macro   0x00000fc9      0x17b Application/User/settings_eeprom.o
 .debug_macro   0x00001144       0x10 Application/User/settings_eeprom.o
 .debug_macro   0x00001154       0x22 Application/User/settings_eeprom.o
 .debug_macro   0x00001176       0x10 Application/User/settings_eeprom.o
 .debug_macro   0x00001186      0x45d Application/User/settings_eeprom.o
 .debug_macro   0x000015e3      0x290 Application/User/stm32f1xx_hal_msp.o
 .debug_macro   0x00001873      0x29a Application/User/stm32f1xx_it.o
 .debug_macro   0x00001b0d      0x294 Application/User/timer.o
 .debug_macro   0x00001da1      0x2ea Drivers/CMSIS/system_stm32f1xx.o
 .debug_macro   0x0000208b      0x886 Drivers/CMSIS/system_stm32f1xx.o
 .debug_macro   0x00002911       0x87 Drivers/CMSIS/system_stm32f1xx.o
 .debug_macro   0x00002998      0xb8e Drivers/CMSIS/system_stm32f1xx.o
 .debug_macro   0x00003526       0x9c Drivers/CMSIS/system_stm32f1xx.o
 .debug_macro   0x000035c2       0x97 Drivers/CMSIS/system_stm32f1xx.o
 .debug_macro   0x00003659      0x30d Drivers/CMSIS/system_stm32f1xx.o
 .debug_macro   0x00003966       0xfd Drivers/CMSIS/system_stm32f1xx.o
 .debug_macro   0x00003a63       0x43 Drivers/CMSIS/system_stm32f1xx.o
 .debug_macro   0x00003aa6       0x1c Drivers/CMSIS/system_stm32f1xx.o
 .debug_macro   0x00003ac2       0x52 Drivers/CMSIS/system_stm32f1xx.o
 .debug_macro   0x00003b14       0x40 Drivers/CMSIS/system_stm32f1xx.o
 .debug_macro   0x00003b54       0x10 Drivers/CMSIS/system_stm32f1xx.o
 .debug_macro   0x00003b64       0x40 Drivers/CMSIS/system_stm32f1xx.o
 .debug_macro   0x00003ba4       0xd7 Drivers/CMSIS/system_stm32f1xx.o
 .debug_macro   0x00003c7b      0x18b Drivers/CMSIS/system_stm32f1xx.o
 .debug_macro   0x00003e06      0x308 Drivers/STM32F1xx_HAL_Driver/stm32f1xx_hal.o
 .debug_macro   0x0000410e      0x301 Drivers/STM32F1xx_HAL_Driver/stm32f1xx_hal_adc.o
 .debug_macro   0x0000440f      0x2e4 Drivers/STM32F1xx_HAL_Driver/stm32f1xx_hal_cortex.o
 .debug_macro   0x000046f3      0x2ea Drivers/STM32F1xx_HAL_Driver/stm32f1xx_hal_dma.o
 .debug_macro   0x000049dd      0x354 Drivers/STM32F1xx_HAL_Driver/stm32f1xx_hal_gpio.o
 .debug_macro   0x00004d31      0x2fa Drivers/STM32F1xx_HAL_Driver/stm32f1xx_hal_i2c.o
 .debug_macro   0x0000502b      0x308 Drivers/STM32F1xx_HAL_Driver/stm32f1xx_hal_rcc.o
 .debug_macro   0x00005333      0x2e4 Drivers/STM32F1xx_HAL_Driver/stm32f1xx_hal_rcc_ex.o
 .debug_macro   0x00005617      0x2e5 Drivers/STM32F1xx_HAL_Driver/stm32f1xx_hal_uart.o

.debug_str      0x00000000    0x90467
 .debug_str     0x00000000    0x8ab9a Application/User/Eeprom24C01_02.o
                              0x8b02b (size before relaxing)
 .debug_str     0x0008ab9a      0x4f3 Application/User/channels.o
                               0x3b36 (size before relaxing)
 .debug_str     0x0008b08d      0xb26 Application/User/main.o
                              0x8bb92 (size before relaxing)
 .debug_str     0x0008bbb3      0x536 Application/User/receiver.o
                              0x8b84b (size before relaxing)
 .debug_str     0x0008c0e9      0x234 Application/User/receiver_spi.o
                              0x8ad6a (size before relaxing)
 .debug_str     0x0008c31d     0x14d0 Application/User/settings_eeprom.o
                              0x8c8c7 (size before relaxing)
 .debug_str     0x0008d7ed       0xf1 Application/User/stm32f1xx_hal_msp.o
                              0x8b4f8 (size before relaxing)
 .debug_str     0x0008d8de       0xfd Application/User/stm32f1xx_it.o
                              0x8aba5 (size before relaxing)
 .debug_str     0x0008d9db       0x49 Application/User/timer.o
                              0x8a95a (size before relaxing)
 .debug_str     0x0008da24      0xea1 Drivers/CMSIS/system_stm32f1xx.o
                              0x8b0f3 (size before relaxing)
 .debug_str     0x0008e8c5      0x323 Drivers/STM32F1xx_HAL_Driver/stm32f1xx_hal.o
                              0x8b6a4 (size before relaxing)
 .debug_str     0x0008ebe8      0x3bc Drivers/STM32F1xx_HAL_Driver/stm32f1xx_hal_adc.o
                              0x8b6c9 (size before relaxing)
 .debug_str     0x0008efa4      0x26e Drivers/STM32F1xx_HAL_Driver/stm32f1xx_hal_cortex.o
                              0x8b6ae (size before relaxing)
 .debug_str     0x0008f212      0x17f Drivers/STM32F1xx_HAL_Driver/stm32f1xx_hal_dma.o
                              0x8b31c (size before relaxing)
 .debug_str     0x0008f391      0x3f2 Drivers/STM32F1xx_HAL_Driver/stm32f1xx_hal_gpio.o
                              0x8b493 (size before relaxing)
 .debug_str     0x0008f783      0x636 Drivers/STM32F1xx_HAL_Driver/stm32f1xx_hal_i2c.o
                              0x8b9f1 (size before relaxing)
 .debug_str     0x0008fdb9      0x2c2 Drivers/STM32F1xx_HAL_Driver/stm32f1xx_hal_rcc.o
                              0x8b505 (size before relaxing)
 .debug_str     0x0009007b       0xc8 Drivers/STM32F1xx_HAL_Driver/stm32f1xx_hal_rcc_ex.o
                              0x8b1d1 (size before relaxing)
 .debug_str     0x00090143      0x324 Drivers/STM32F1xx_HAL_Driver/stm32f1xx_hal_uart.o
                              0x8b6f5 (size before relaxing)

.comment        0x00000000       0x6e
 .comment       0x00000000       0x6e Application/User/Eeprom24C01_02.o
                                 0x6f (size before relaxing)
 .comment       0x0000006e       0x6f Application/User/channels.o
 .comment       0x0000006e       0x6f Application/User/main.o
 .comment       0x0000006e       0x6f Application/User/receiver.o
 .comment       0x0000006e       0x6f Application/User/receiver_spi.o
 .comment       0x0000006e       0x6f Application/User/settings_eeprom.o
 .comment       0x0000006e       0x6f Application/User/stm32f1xx_hal_msp.o
 .comment       0x0000006e       0x6f Application/User/stm32f1xx_it.o
 .comment       0x0000006e       0x6f Application/User/timer.o
 .comment       0x0000006e       0x6f Drivers/CMSIS/system_stm32f1xx.o
 .comment       0x0000006e       0x6f Drivers/STM32F1xx_HAL_Driver/stm32f1xx_hal.o
 .comment       0x0000006e       0x6f Drivers/STM32F1xx_HAL_Driver/stm32f1xx_hal_adc.o
 .comment       0x0000006e       0x6f Drivers/STM32F1xx_HAL_Driver/stm32f1xx_hal_cortex.o
 .comment       0x0000006e       0x6f Drivers/STM32F1xx_HAL_Driver/stm32f1xx_hal_dma.o
 .comment       0x0000006e       0x6f Drivers/STM32F1xx_HAL_Driver/stm32f1xx_hal_gpio.o
 .comment       0x0000006e       0x6f Drivers/STM32F1xx_HAL_Driver/stm32f1xx_hal_i2c.o
 .comment       0x0000006e       0x6f Drivers/STM32F1xx_HAL_Driver/stm32f1xx_hal_rcc.o
 .comment       0x0000006e       0x6f Drivers/STM32F1xx_HAL_Driver/stm32f1xx_hal_rcc_ex.o
 .comment       0x0000006e       0x6f Drivers/STM32F1xx_HAL_Driver/stm32f1xx_hal_uart.o

.debug_frame    0x00000000     0x1dcc
 .debug_frame   0x00000000      0x164 Application/User/Eeprom24C01_02.o
 .debug_frame   0x00000164       0xd8 Application/User/channels.o
 .debug_frame   0x0000023c      0x128 Application/User/main.o
 .debug_frame   0x00000364      0x18c Application/User/receiver.o
 .debug_frame   0x000004f0      0x150 Application/User/receiver_spi.o
 .debug_frame   0x00000640      0x2a4 Application/User/settings_eeprom.o
 .debug_frame   0x000008e4      0x10c Application/User/stm32f1xx_hal_msp.o
 .debug_frame   0x000009f0      0x128 Application/User/stm32f1xx_it.o
 .debug_frame   0x00000b18       0x7c Application/User/timer.o
 .debug_frame   0x00000b94       0x30 Drivers/CMSIS/system_stm32f1xx.o
 .debug_frame   0x00000bc4      0x164 Drivers/STM32F1xx_HAL_Driver/stm32f1xx_hal.o
 .debug_frame   0x00000d28      0x294 Drivers/STM32F1xx_HAL_Driver/stm32f1xx_hal_adc.o
 .debug_frame   0x00000fbc      0x120 Drivers/STM32F1xx_HAL_Driver/stm32f1xx_hal_cortex.o
 .debug_frame   0x000010dc      0x104 Drivers/STM32F1xx_HAL_Driver/stm32f1xx_hal_dma.o
 .debug_frame   0x000011e0       0xd4 Drivers/STM32F1xx_HAL_Driver/stm32f1xx_hal_gpio.o
 .debug_frame   0x000012b4      0x5f4 Drivers/STM32F1xx_HAL_Driver/stm32f1xx_hal_i2c.o
 .debug_frame   0x000018a8      0x14c Drivers/STM32F1xx_HAL_Driver/stm32f1xx_hal_rcc.o
 .debug_frame   0x000019f4       0x6c Drivers/STM32F1xx_HAL_Driver/stm32f1xx_hal_rcc_ex.o
 .debug_frame   0x00001a60      0x318 Drivers/STM32F1xx_HAL_Driver/stm32f1xx_hal_uart.o
 .debug_frame   0x00001d78       0x2c c:/dev_tools/ac6/systemworkbench/plugins/fr.ac6.mcu.externaltools.arm-none.win32_1.13.3.201707031232/tools/compiler/bin/../lib/gcc/arm-none-eabi/5.4.1/../../../../arm-none-eabi/lib/armv7-m\libc_nano.a(lib_a-init.o)
 .debug_frame   0x00001da4       0x28 c:/dev_tools/ac6/systemworkbench/plugins/fr.ac6.mcu.externaltools.arm-none.win32_1.13.3.201707031232/tools/compiler/bin/../lib/gcc/arm-none-eabi/5.4.1/../../../../arm-none-eabi/lib/armv7-m\libc_nano.a(lib_a-memcpy-stub.o)

.debug_loc      0x00000000     0x5dfb
 .debug_loc     0x00000000       0xaa Drivers/CMSIS/system_stm32f1xx.o
 .debug_loc     0x000000aa       0x73 Drivers/STM32F1xx_HAL_Driver/stm32f1xx_hal.o
 .debug_loc     0x0000011d      0xa48 Drivers/STM32F1xx_HAL_Driver/stm32f1xx_hal_adc.o
 .debug_loc     0x00000b65      0x48f Drivers/STM32F1xx_HAL_Driver/stm32f1xx_hal_cortex.o
 .debug_loc     0x00000ff4      0x438 Drivers/STM32F1xx_HAL_Driver/stm32f1xx_hal_dma.o
 .debug_loc     0x0000142c      0x2e8 Drivers/STM32F1xx_HAL_Driver/stm32f1xx_hal_gpio.o
 .debug_loc     0x00001714     0x2d44 Drivers/STM32F1xx_HAL_Driver/stm32f1xx_hal_i2c.o
 .debug_loc     0x00004458      0x8a9 Drivers/STM32F1xx_HAL_Driver/stm32f1xx_hal_rcc.o
 .debug_loc     0x00004d01      0x378 Drivers/STM32F1xx_HAL_Driver/stm32f1xx_hal_rcc_ex.o
 .debug_loc     0x00005079      0xd82 Drivers/STM32F1xx_HAL_Driver/stm32f1xx_hal_uart.o

.stabstr        0x00000000       0x76
 .stabstr       0x00000000       0x76 c:/dev_tools/ac6/systemworkbench/plugins/fr.ac6.mcu.externaltools.arm-none.win32_1.13.3.201707031232/tools/compiler/bin/../lib/gcc/arm-none-eabi/5.4.1/../../../../arm-none-eabi/lib/armv7-m\libnosys.a(getpid.o)
